2026-04-28T10:01:04.988+02:00  INFO 11944 --- [BankManApp] [main] c.e.b.BankManAppApplicationTests         : Starting BankManAppApplicationTests using Java 25.0.2 with PID 11944 (started by ptricari in C:\Users\ptricari\IdeaProjects\BankManApp)
2026-04-28T10:01:04.997+02:00  INFO 11944 --- [BankManApp] [main] c.e.b.BankManAppApplicationTests         : No active profile set, falling back to 1 default profile: "default"
2026-04-28T10:01:05.996+02:00  INFO 11944 --- [BankManApp] [main] .s.d.r.c.RepositoryConfigurationDelegate : Bootstrapping Spring Data JPA repositories in DEFAULT mode.
2026-04-28T10:01:06.085+02:00  INFO 11944 --- [BankManApp] [main] .s.d.r.c.RepositoryConfigurationDelegate : Finished Spring Data repository scanning in 72 ms. Found 4 JPA repository interfaces.
2026-04-28T10:01:06.886+02:00  INFO 11944 --- [BankManApp] [main] org.hibernate.orm.jpa                    : HHH008540: Processing PersistenceUnitInfo [name: default]
2026-04-28T10:01:06.998+02:00  INFO 11944 --- [BankManApp] [main] org.hibernate.orm.core                   : HHH000001: Hibernate ORM core version 7.2.7.Final
2026-04-28T10:01:07.549+02:00  INFO 11944 --- [BankManApp] [main] o.s.o.j.p.SpringPersistenceUnitInfo      : No LoadTimeWeaver setup: ignoring JPA class transformer
2026-04-28T10:01:07.601+02:00  INFO 11944 --- [BankManApp] [main] com.zaxxer.hikari.HikariDataSource       : HikariPool-1 - Starting...
2026-04-28T10:01:07.905+02:00  INFO 11944 --- [BankManApp] [main] com.zaxxer.hikari.pool.HikariPool        : HikariPool-1 - Added connection conn0: url=jdbc:h2:mem:testdb user=SA
2026-04-28T10:01:07.907+02:00  INFO 11944 --- [BankManApp] [main] com.zaxxer.hikari.HikariDataSource       : HikariPool-1 - Start completed.
2026-04-28T10:01:07.944+02:00  WARN 11944 --- [BankManApp] [main] org.hibernate.orm.deprecation            : HHH90000025: H2Dialect does not need to be specified explicitly using 'hibernate.dialect' (remove the property setting and it will be selected by default)
2026-04-28T10:01:07.996+02:00  INFO 11944 --- [BankManApp] [main] org.hibernate.orm.connections.pooling    : HHH10001005: Database info:
	Database JDBC URL [jdbc:h2:mem:testdb]
	Database driver: H2 JDBC Driver
	Database dialect: H2Dialect
	Database version: 2.4.240
	Default catalog/schema: TESTDB/PUBLIC
	Autocommit mode: undefined/unknown
	Isolation level: READ_COMMITTED [default READ_COMMITTED]
	JDBC fetch size: 100
	Pool: DataSourceConnectionProvider
	Minimum pool size: undefined/unknown
	Maximum pool size: undefined/unknown
2026-04-28T10:01:09.571+02:00  INFO 11944 --- [BankManApp] [main] org.hibernate.orm.core                   : HHH000489: No JTA platform available (set 'hibernate.transaction.jta.platform' to enable JTA platform integration)
2026-04-28T10:01:09.677+02:00  INFO 11944 --- [BankManApp] [main] j.LocalContainerEntityManagerFactoryBean : Initialized JPA EntityManagerFactory for persistence unit 'default'
2026-04-28T10:01:09.821+02:00  INFO 11944 --- [BankManApp] [main] o.s.d.j.r.query.QueryEnhancerFactories   : Hibernate is in classpath; If applicable, HQL parser will be used.
2026-04-28T10:01:10.492+02:00  WARN 11944 --- [BankManApp] [main] JpaBaseConfiguration$JpaWebConfiguration : spring.jpa.open-in-view is enabled by default. Therefore, database queries may be performed during view rendering. Explicitly configure spring.jpa.open-in-view to disable this warning
2026-04-28T10:01:11.548+02:00  WARN 11944 --- [BankManApp] [main] .s.a.UserDetailsServiceAutoConfiguration : 

Using generated security password: 3fb4c2df-5c8b-4bf2-a042-c3f2f345bf40

This generated password is for development use only. Your security configuration must be updated before running your application in production.

2026-04-28T10:01:11.637+02:00  INFO 11944 --- [BankManApp] [main] r$InitializeUserDetailsManagerConfigurer : Global AuthenticationManager configured with UserDetailsService bean with name inMemoryUserDetailsManager
2026-04-28T10:01:12.023+02:00  INFO 11944 --- [BankManApp] [main] o.s.b.h.a.H2ConsoleAutoConfiguration     : H2 console available at '/h2-console'. Database available at 'jdbc:h2:mem:testdb'
2026-04-28T10:01:12.334+02:00  INFO 11944 --- [BankManApp] [main] o.s.s.config.TaskSchedulerRouter         : No TaskScheduler/ScheduledExecutorService bean found for scheduled processing
2026-04-28T10:01:12.347+02:00  INFO 11944 --- [BankManApp] [main] c.e.b.BankManAppApplicationTests         : Started BankManAppApplicationTests in 7.836 seconds (process running for 12.937)
2026-04-28T10:01:13.314+02:00  INFO 11944 --- [BankManApp] [SpringApplicationShutdownHook] .s.m.e.c.DefaultEventPublicationRegistry : No publications outstanding!
2026-04-28T10:01:13.316+02:00  INFO 11944 --- [BankManApp] [SpringApplicationShutdownHook] j.LocalContainerEntityManagerFactoryBean : Closing JPA EntityManagerFactory for persistence unit 'default'
2026-04-28T10:01:13.319+02:00  INFO 11944 --- [BankManApp] [SpringApplicationShutdownHook] com.zaxxer.hikari.HikariDataSource       : HikariPool-1 - Shutdown initiated...
2026-04-28T10:01:13.322+02:00  INFO 11944 --- [BankManApp] [SpringApplicationShutdownHook] com.zaxxer.hikari.HikariDataSource       : HikariPool-1 - Shutdown completed.
2026-04-28T10:01:25.400+02:00  INFO 17604 --- [BankManApp] [restartedMain] c.e.bankmanapp.BankManAppApplication     : Starting BankManAppApplication using Java 25.0.2 with PID 17604 (C:\Users\ptricari\IdeaProjects\BankManApp\target\classes started by ptricari in C:\Users\ptricari\IdeaProjects\BankManApp)
2026-04-28T10:01:25.402+02:00  INFO 17604 --- [BankManApp] [restartedMain] c.e.bankmanapp.BankManAppApplication     : No active profile set, falling back to 1 default profile: "default"
2026-04-28T10:01:25.461+02:00  INFO 17604 --- [BankManApp] [restartedMain] .e.DevToolsPropertyDefaultsPostProcessor : Devtools property defaults active! Set 'spring.devtools.add-properties' to 'false' to disable
2026-04-28T10:01:25.462+02:00  INFO 17604 --- [BankManApp] [restartedMain] .e.DevToolsPropertyDefaultsPostProcessor : For additional web related logging consider setting the 'logging.level.web' property to 'DEBUG'
2026-04-28T10:01:26.271+02:00  INFO 17604 --- [BankManApp] [restartedMain] .s.d.r.c.RepositoryConfigurationDelegate : Bootstrapping Spring Data JPA repositories in DEFAULT mode.
2026-04-28T10:01:26.344+02:00  INFO 17604 --- [BankManApp] [restartedMain] .s.d.r.c.RepositoryConfigurationDelegate : Finished Spring Data repository scanning in 63 ms. Found 4 JPA repository interfaces.
2026-04-28T10:01:26.985+02:00  INFO 17604 --- [BankManApp] [restartedMain] o.s.boot.tomcat.TomcatWebServer          : Tomcat initialized with port 8080 (http)
2026-04-28T10:01:27.003+02:00  INFO 17604 --- [BankManApp] [restartedMain] o.apache.catalina.core.StandardService   : Starting service [Tomcat]
2026-04-28T10:01:27.003+02:00  INFO 17604 --- [BankManApp] [restartedMain] o.apache.catalina.core.StandardEngine    : Starting Servlet engine: [Apache Tomcat/11.0.20]
2026-04-28T10:01:27.066+02:00  INFO 17604 --- [BankManApp] [restartedMain] b.w.c.s.WebApplicationContextInitializer : Root WebApplicationContext: initialization completed in 1604 ms
2026-04-28T10:01:27.277+02:00  INFO 17604 --- [BankManApp] [restartedMain] org.hibernate.orm.jpa                    : HHH008540: Processing PersistenceUnitInfo [name: default]
2026-04-28T10:01:27.332+02:00  INFO 17604 --- [BankManApp] [restartedMain] org.hibernate.orm.core                   : HHH000001: Hibernate ORM core version 7.2.7.Final
2026-04-28T10:01:27.821+02:00  INFO 17604 --- [BankManApp] [restartedMain] o.s.o.j.p.SpringPersistenceUnitInfo      : No LoadTimeWeaver setup: ignoring JPA class transformer
2026-04-28T10:01:27.853+02:00  INFO 17604 --- [BankManApp] [restartedMain] com.zaxxer.hikari.HikariDataSource       : HikariPool-1 - Starting...
2026-04-28T10:01:28.020+02:00  INFO 17604 --- [BankManApp] [restartedMain] com.zaxxer.hikari.pool.HikariPool        : HikariPool-1 - Added connection conn0: url=jdbc:h2:mem:testdb user=SA
2026-04-28T10:01:28.022+02:00  INFO 17604 --- [BankManApp] [restartedMain] com.zaxxer.hikari.HikariDataSource       : HikariPool-1 - Start completed.
2026-04-28T10:01:28.048+02:00  WARN 17604 --- [BankManApp] [restartedMain] org.hibernate.orm.deprecation            : HHH90000025: H2Dialect does not need to be specified explicitly using 'hibernate.dialect' (remove the property setting and it will be selected by default)
2026-04-28T10:01:28.075+02:00  INFO 17604 --- [BankManApp] [restartedMain] org.hibernate.orm.connections.pooling    : HHH10001005: Database info:
	Database JDBC URL [jdbc:h2:mem:testdb]
	Database driver: H2 JDBC Driver
	Database dialect: H2Dialect
	Database version: 2.4.240
	Default catalog/schema: TESTDB/PUBLIC
	Autocommit mode: undefined/unknown
	Isolation level: READ_COMMITTED [default READ_COMMITTED]
	JDBC fetch size: 100
	Pool: DataSourceConnectionProvider
	Minimum pool size: undefined/unknown
	Maximum pool size: undefined/unknown
2026-04-28T10:01:29.220+02:00  INFO 17604 --- [BankManApp] [restartedMain] org.hibernate.orm.core                   : HHH000489: No JTA platform available (set 'hibernate.transaction.jta.platform' to enable JTA platform integration)
2026-04-28T10:01:29.331+02:00  INFO 17604 --- [BankManApp] [restartedMain] j.LocalContainerEntityManagerFactoryBean : Initialized JPA EntityManagerFactory for persistence unit 'default'
2026-04-28T10:01:29.426+02:00  INFO 17604 --- [BankManApp] [restartedMain] o.s.d.j.r.query.QueryEnhancerFactories   : Hibernate is in classpath; If applicable, HQL parser will be used.
2026-04-28T10:01:29.675+02:00  WARN 17604 --- [BankManApp] [restartedMain] JpaBaseConfiguration$JpaWebConfiguration : spring.jpa.open-in-view is enabled by default. Therefore, database queries may be performed during view rendering. Explicitly configure spring.jpa.open-in-view to disable this warning
2026-04-28T10:01:30.018+02:00  INFO 17604 --- [BankManApp] [restartedMain] o.s.b.h.a.H2ConsoleAutoConfiguration     : H2 console available at '/h2-console'. Database available at 'jdbc:h2:mem:testdb'
2026-04-28T10:01:30.142+02:00  INFO 17604 --- [BankManApp] [restartedMain] o.s.boot.tomcat.TomcatWebServer          : Tomcat started on port 8080 (http) with context path '/'
2026-04-28T10:01:30.150+02:00  INFO 17604 --- [BankManApp] [restartedMain] o.s.s.config.TaskSchedulerRouter         : No TaskScheduler/ScheduledExecutorService bean found for scheduled processing
2026-04-28T10:01:30.156+02:00  INFO 17604 --- [BankManApp] [restartedMain] c.e.bankmanapp.BankManAppApplication     : Started BankManAppApplication in 5.354 seconds (process running for 6.616)
2026-04-28T10:02:05.157+02:00  INFO 17604 --- [BankManApp] [http-nio-8080-exec-6] o.a.c.c.C.[Tomcat].[localhost].[/]       : Initializing Spring DispatcherServlet 'dispatcherServlet'
2026-04-28T10:02:05.158+02:00  INFO 17604 --- [BankManApp] [http-nio-8080-exec-6] o.s.web.servlet.DispatcherServlet        : Initializing Servlet 'dispatcherServlet'
2026-04-28T10:02:05.159+02:00  INFO 17604 --- [BankManApp] [http-nio-8080-exec-6] o.s.web.servlet.DispatcherServlet        : Completed initialization in 1 ms
2026-04-28T10:07:26.714+02:00  WARN 17604 --- [BankManApp] [http-nio-8080-exec-8] c.e.b.Controller.UserController          : Utente 1 non aggiornato corretamente
2026-04-28T10:08:14.362+02:00  WARN 17604 --- [BankManApp] [http-nio-8080-exec-6] c.e.b.Controller.UserController          : Utente 1 non aggiornato corretamente
2026-04-28T10:08:22.738+02:00  INFO 17604 --- [BankManApp] [http-nio-8080-exec-1] c.e.bankmanapp.Service.UserService       : Utente 1 eliminato correttamente
2026-04-28T10:08:29.103+02:00  INFO 17604 --- [BankManApp] [SpringApplicationShutdownHook] o.s.boot.tomcat.GracefulShutdown         : Commencing graceful shutdown. Waiting for active requests to complete
2026-04-28T10:08:29.113+02:00  INFO 17604 --- [BankManApp] [tomcat-shutdown] o.s.boot.tomcat.GracefulShutdown         : Graceful shutdown complete
2026-04-28T10:08:29.306+02:00  INFO 17604 --- [BankManApp] [SpringApplicationShutdownHook] .s.m.e.c.DefaultEventPublicationRegistry : No publications outstanding!
2026-04-28T10:08:29.309+02:00  INFO 17604 --- [BankManApp] [SpringApplicationShutdownHook] j.LocalContainerEntityManagerFactoryBean : Closing JPA EntityManagerFactory for persistence unit 'default'
2026-04-28T10:08:29.316+02:00  WARN 17604 --- [BankManApp] [SpringApplicationShutdownHook] o.s.b.f.support.DisposableBeanAdapter    : Invocation of destroy method failed on bean with name 'inMemoryDatabaseShutdownExecutor': org.h2.jdbc.JdbcSQLNonTransientConnectionException: Database is already closed (to disable automatic closing at VM shutdown, add ";DB_CLOSE_ON_EXIT=FALSE" to the db URL) [90121-240]
2026-04-28T10:08:29.317+02:00  INFO 17604 --- [BankManApp] [SpringApplicationShutdownHook] com.zaxxer.hikari.HikariDataSource       : HikariPool-1 - Shutdown initiated...
2026-04-28T10:08:29.318+02:00  INFO 17604 --- [BankManApp] [SpringApplicationShutdownHook] com.zaxxer.hikari.HikariDataSource       : HikariPool-1 - Shutdown completed.
2026-04-28T10:08:31.730+02:00  INFO 20104 --- [BankManApp] [restartedMain] c.e.bankmanapp.BankManAppApplication     : Starting BankManAppApplication using Java 25.0.2 with PID 20104 (C:\Users\ptricari\IdeaProjects\BankManApp\target\classes started by ptricari in C:\Users\ptricari\IdeaProjects\BankManApp)
2026-04-28T10:08:31.733+02:00  INFO 20104 --- [BankManApp] [restartedMain] c.e.bankmanapp.BankManAppApplication     : No active profile set, falling back to 1 default profile: "default"
2026-04-28T10:08:31.791+02:00  INFO 20104 --- [BankManApp] [restartedMain] .e.DevToolsPropertyDefaultsPostProcessor : Devtools property defaults active! Set 'spring.devtools.add-properties' to 'false' to disable
2026-04-28T10:08:31.791+02:00  INFO 20104 --- [BankManApp] [restartedMain] .e.DevToolsPropertyDefaultsPostProcessor : For additional web related logging consider setting the 'logging.level.web' property to 'DEBUG'
2026-04-28T10:08:32.601+02:00  INFO 20104 --- [BankManApp] [restartedMain] .s.d.r.c.RepositoryConfigurationDelegate : Bootstrapping Spring Data JPA repositories in DEFAULT mode.
2026-04-28T10:08:32.671+02:00  INFO 20104 --- [BankManApp] [restartedMain] .s.d.r.c.RepositoryConfigurationDelegate : Finished Spring Data repository scanning in 59 ms. Found 4 JPA repository interfaces.
2026-04-28T10:08:33.246+02:00  INFO 20104 --- [BankManApp] [restartedMain] o.s.boot.tomcat.TomcatWebServer          : Tomcat initialized with port 8080 (http)
2026-04-28T10:08:33.259+02:00  INFO 20104 --- [BankManApp] [restartedMain] o.apache.catalina.core.StandardService   : Starting service [Tomcat]
2026-04-28T10:08:33.260+02:00  INFO 20104 --- [BankManApp] [restartedMain] o.apache.catalina.core.StandardEngine    : Starting Servlet engine: [Apache Tomcat/11.0.20]
2026-04-28T10:08:33.314+02:00  INFO 20104 --- [BankManApp] [restartedMain] b.w.c.s.WebApplicationContextInitializer : Root WebApplicationContext: initialization completed in 1522 ms
2026-04-28T10:08:33.482+02:00  INFO 20104 --- [BankManApp] [restartedMain] org.hibernate.orm.jpa                    : HHH008540: Processing PersistenceUnitInfo [name: default]
2026-04-28T10:08:33.533+02:00  INFO 20104 --- [BankManApp] [restartedMain] org.hibernate.orm.core                   : HHH000001: Hibernate ORM core version 7.2.7.Final
2026-04-28T10:08:33.990+02:00  INFO 20104 --- [BankManApp] [restartedMain] o.s.o.j.p.SpringPersistenceUnitInfo      : No LoadTimeWeaver setup: ignoring JPA class transformer
2026-04-28T10:08:34.022+02:00  INFO 20104 --- [BankManApp] [restartedMain] com.zaxxer.hikari.HikariDataSource       : HikariPool-1 - Starting...
2026-04-28T10:08:34.191+02:00  INFO 20104 --- [BankManApp] [restartedMain] com.zaxxer.hikari.pool.HikariPool        : HikariPool-1 - Added connection conn0: url=jdbc:h2:mem:testdb user=SA
2026-04-28T10:08:34.193+02:00  INFO 20104 --- [BankManApp] [restartedMain] com.zaxxer.hikari.HikariDataSource       : HikariPool-1 - Start completed.
2026-04-28T10:08:34.215+02:00  WARN 20104 --- [BankManApp] [restartedMain] org.hibernate.orm.deprecation            : HHH90000025: H2Dialect does not need to be specified explicitly using 'hibernate.dialect' (remove the property setting and it will be selected by default)
2026-04-28T10:08:34.238+02:00  INFO 20104 --- [BankManApp] [restartedMain] org.hibernate.orm.connections.pooling    : HHH10001005: Database info:
	Database JDBC URL [jdbc:h2:mem:testdb]
	Database driver: H2 JDBC Driver
	Database dialect: H2Dialect
	Database version: 2.4.240
	Default catalog/schema: TESTDB/PUBLIC
	Autocommit mode: undefined/unknown
	Isolation level: READ_COMMITTED [default READ_COMMITTED]
	JDBC fetch size: 100
	Pool: DataSourceConnectionProvider
	Minimum pool size: undefined/unknown
	Maximum pool size: undefined/unknown
2026-04-28T10:08:35.327+02:00  INFO 20104 --- [BankManApp] [restartedMain] org.hibernate.orm.core                   : HHH000489: No JTA platform available (set 'hibernate.transaction.jta.platform' to enable JTA platform integration)
2026-04-28T10:08:35.413+02:00  INFO 20104 --- [BankManApp] [restartedMain] j.LocalContainerEntityManagerFactoryBean : Initialized JPA EntityManagerFactory for persistence unit 'default'
2026-04-28T10:08:35.501+02:00  INFO 20104 --- [BankManApp] [restartedMain] o.s.d.j.r.query.QueryEnhancerFactories   : Hibernate is in classpath; If applicable, HQL parser will be used.
2026-04-28T10:08:35.738+02:00  WARN 20104 --- [BankManApp] [restartedMain] JpaBaseConfiguration$JpaWebConfiguration : spring.jpa.open-in-view is enabled by default. Therefore, database queries may be performed during view rendering. Explicitly configure spring.jpa.open-in-view to disable this warning
2026-04-28T10:08:36.058+02:00  INFO 20104 --- [BankManApp] [restartedMain] o.s.b.h.a.H2ConsoleAutoConfiguration     : H2 console available at '/h2-console'. Database available at 'jdbc:h2:mem:testdb'
2026-04-28T10:08:36.173+02:00  INFO 20104 --- [BankManApp] [restartedMain] o.s.boot.tomcat.TomcatWebServer          : Tomcat started on port 8080 (http) with context path '/'
2026-04-28T10:08:36.180+02:00  INFO 20104 --- [BankManApp] [restartedMain] o.s.s.config.TaskSchedulerRouter         : No TaskScheduler/ScheduledExecutorService bean found for scheduled processing
2026-04-28T10:08:36.186+02:00  INFO 20104 --- [BankManApp] [restartedMain] c.e.bankmanapp.BankManAppApplication     : Started BankManAppApplication in 5.072 seconds (process running for 6.056)
2026-04-28T10:08:38.903+02:00  INFO 20104 --- [BankManApp] [SpringApplicationShutdownHook] o.s.boot.tomcat.GracefulShutdown         : Commencing graceful shutdown. Waiting for active requests to complete
2026-04-28T10:08:38.914+02:00  INFO 20104 --- [BankManApp] [tomcat-shutdown] o.s.boot.tomcat.GracefulShutdown         : Graceful shutdown complete
2026-04-28T10:08:39.296+02:00  INFO 20104 --- [BankManApp] [SpringApplicationShutdownHook] .s.m.e.c.DefaultEventPublicationRegistry : No publications outstanding!
2026-04-28T10:08:39.298+02:00  INFO 20104 --- [BankManApp] [SpringApplicationShutdownHook] j.LocalContainerEntityManagerFactoryBean : Closing JPA EntityManagerFactory for persistence unit 'default'
2026-04-28T10:08:39.303+02:00  WARN 20104 --- [BankManApp] [SpringApplicationShutdownHook] o.s.b.f.support.DisposableBeanAdapter    : Invocation of destroy method failed on bean with name 'inMemoryDatabaseShutdownExecutor': org.h2.jdbc.JdbcSQLNonTransientConnectionException: Database is already closed (to disable automatic closing at VM shutdown, add ";DB_CLOSE_ON_EXIT=FALSE" to the db URL) [90121-240]
2026-04-28T10:08:39.303+02:00  INFO 20104 --- [BankManApp] [SpringApplicationShutdownHook] com.zaxxer.hikari.HikariDataSource       : HikariPool-1 - Shutdown initiated...
2026-04-28T10:08:39.305+02:00  INFO 20104 --- [BankManApp] [SpringApplicationShutdownHook] com.zaxxer.hikari.HikariDataSource       : HikariPool-1 - Shutdown completed.
2026-04-28T10:08:55.718+02:00  INFO 18224 --- [BankManApp] [main] c.e.b.BankManAppApplicationTests         : Starting BankManAppApplicationTests using Java 25.0.2 with PID 18224 (started by ptricari in C:\Users\ptricari\IdeaProjects\BankManApp)
2026-04-28T10:08:55.721+02:00  INFO 18224 --- [BankManApp] [main] c.e.b.BankManAppApplicationTests         : No active profile set, falling back to 1 default profile: "default"
2026-04-28T10:08:57.512+02:00  INFO 18224 --- [BankManApp] [main] .s.d.r.c.RepositoryConfigurationDelegate : Bootstrapping Spring Data JPA repositories in DEFAULT mode.
2026-04-28T10:08:57.666+02:00  INFO 18224 --- [BankManApp] [main] .s.d.r.c.RepositoryConfigurationDelegate : Finished Spring Data repository scanning in 133 ms. Found 4 JPA repository interfaces.
2026-04-28T10:08:58.729+02:00  INFO 18224 --- [BankManApp] [main] org.hibernate.orm.jpa                    : HHH008540: Processing PersistenceUnitInfo [name: default]
2026-04-28T10:08:58.873+02:00  INFO 18224 --- [BankManApp] [main] org.hibernate.orm.core                   : HHH000001: Hibernate ORM core version 7.2.7.Final
2026-04-28T10:08:59.659+02:00  INFO 18224 --- [BankManApp] [main] o.s.o.j.p.SpringPersistenceUnitInfo      : No LoadTimeWeaver setup: ignoring JPA class transformer
2026-04-28T10:08:59.735+02:00  INFO 18224 --- [BankManApp] [main] com.zaxxer.hikari.HikariDataSource       : HikariPool-1 - Starting...
2026-04-28T10:09:00.297+02:00  INFO 18224 --- [BankManApp] [main] com.zaxxer.hikari.pool.HikariPool        : HikariPool-1 - Added connection conn0: url=jdbc:h2:mem:testdb user=SA
2026-04-28T10:09:00.300+02:00  INFO 18224 --- [BankManApp] [main] com.zaxxer.hikari.HikariDataSource       : HikariPool-1 - Start completed.
2026-04-28T10:09:00.354+02:00  WARN 18224 --- [BankManApp] [main] org.hibernate.orm.deprecation            : HHH90000025: H2Dialect does not need to be specified explicitly using 'hibernate.dialect' (remove the property setting and it will be selected by default)
2026-04-28T10:09:00.428+02:00  INFO 18224 --- [BankManApp] [main] org.hibernate.orm.connections.pooling    : HHH10001005: Database info:
	Database JDBC URL [jdbc:h2:mem:testdb]
	Database driver: H2 JDBC Driver
	Database dialect: H2Dialect
	Database version: 2.4.240
	Default catalog/schema: TESTDB/PUBLIC
	Autocommit mode: undefined/unknown
	Isolation level: READ_COMMITTED [default READ_COMMITTED]
	JDBC fetch size: 100
	Pool: DataSourceConnectionProvider
	Minimum pool size: undefined/unknown
	Maximum pool size: undefined/unknown
2026-04-28T10:09:02.930+02:00  INFO 18224 --- [BankManApp] [main] org.hibernate.orm.core                   : HHH000489: No JTA platform available (set 'hibernate.transaction.jta.platform' to enable JTA platform integration)
2026-04-28T10:09:03.071+02:00  INFO 18224 --- [BankManApp] [main] j.LocalContainerEntityManagerFactoryBean : Initialized JPA EntityManagerFactory for persistence unit 'default'
2026-04-28T10:09:03.226+02:00  INFO 18224 --- [BankManApp] [main] o.s.d.j.r.query.QueryEnhancerFactories   : Hibernate is in classpath; If applicable, HQL parser will be used.
2026-04-28T10:09:03.722+02:00  WARN 18224 --- [BankManApp] [main] JpaBaseConfiguration$JpaWebConfiguration : spring.jpa.open-in-view is enabled by default. Therefore, database queries may be performed during view rendering. Explicitly configure spring.jpa.open-in-view to disable this warning
2026-04-28T10:09:04.437+02:00  WARN 18224 --- [BankManApp] [main] .s.a.UserDetailsServiceAutoConfiguration : 

Using generated security password: 032f9cfe-718b-4231-8cfb-50bbcb59b4d2

This generated password is for development use only. Your security configuration must be updated before running your application in production.

2026-04-28T10:09:04.530+02:00  INFO 18224 --- [BankManApp] [main] r$InitializeUserDetailsManagerConfigurer : Global AuthenticationManager configured with UserDetailsService bean with name inMemoryUserDetailsManager
2026-04-28T10:09:04.914+02:00  INFO 18224 --- [BankManApp] [main] o.s.b.h.a.H2ConsoleAutoConfiguration     : H2 console available at '/h2-console'. Database available at 'jdbc:h2:mem:testdb'
2026-04-28T10:09:05.219+02:00  INFO 18224 --- [BankManApp] [main] o.s.s.config.TaskSchedulerRouter         : No TaskScheduler/ScheduledExecutorService bean found for scheduled processing
2026-04-28T10:09:05.229+02:00  INFO 18224 --- [BankManApp] [main] c.e.b.BankManAppApplicationTests         : Started BankManAppApplicationTests in 10.401 seconds (process running for 17.88)
2026-04-28T10:09:06.807+02:00  INFO 18224 --- [BankManApp] [SpringApplicationShutdownHook] .s.m.e.c.DefaultEventPublicationRegistry : No publications outstanding!
2026-04-28T10:09:06.810+02:00  INFO 18224 --- [BankManApp] [SpringApplicationShutdownHook] j.LocalContainerEntityManagerFactoryBean : Closing JPA EntityManagerFactory for persistence unit 'default'
2026-04-28T10:09:06.814+02:00  INFO 18224 --- [BankManApp] [SpringApplicationShutdownHook] com.zaxxer.hikari.HikariDataSource       : HikariPool-1 - Shutdown initiated...
2026-04-28T10:09:06.817+02:00  INFO 18224 --- [BankManApp] [SpringApplicationShutdownHook] com.zaxxer.hikari.HikariDataSource       : HikariPool-1 - Shutdown completed.
2026-04-28T10:12:30.467+02:00  INFO 5556 --- [BankManApp] [main] c.e.b.BankManAppApplicationTests         : Starting BankManAppApplicationTests using Java 25.0.2 with PID 5556 (started by ptricari in C:\Users\ptricari\IdeaProjects\BankManApp)
2026-04-28T10:12:30.469+02:00  INFO 5556 --- [BankManApp] [main] c.e.b.BankManAppApplicationTests         : No active profile set, falling back to 1 default profile: "default"
2026-04-28T10:12:31.671+02:00  INFO 5556 --- [BankManApp] [main] .s.d.r.c.RepositoryConfigurationDelegate : Bootstrapping Spring Data JPA repositories in DEFAULT mode.
2026-04-28T10:12:31.763+02:00  INFO 5556 --- [BankManApp] [main] .s.d.r.c.RepositoryConfigurationDelegate : Finished Spring Data repository scanning in 79 ms. Found 4 JPA repository interfaces.
2026-04-28T10:12:32.469+02:00  INFO 5556 --- [BankManApp] [main] org.hibernate.orm.jpa                    : HHH008540: Processing PersistenceUnitInfo [name: default]
2026-04-28T10:12:32.539+02:00  INFO 5556 --- [BankManApp] [main] org.hibernate.orm.core                   : HHH000001: Hibernate ORM core version 7.2.7.Final
2026-04-28T10:12:33.418+02:00  INFO 5556 --- [BankManApp] [main] o.s.o.j.p.SpringPersistenceUnitInfo      : No LoadTimeWeaver setup: ignoring JPA class transformer
2026-04-28T10:12:33.482+02:00  INFO 5556 --- [BankManApp] [main] com.zaxxer.hikari.HikariDataSource       : HikariPool-1 - Starting...
2026-04-28T10:12:33.807+02:00  INFO 5556 --- [BankManApp] [main] com.zaxxer.hikari.pool.HikariPool        : HikariPool-1 - Added connection conn0: url=jdbc:h2:mem:testdb user=SA
2026-04-28T10:12:33.809+02:00  INFO 5556 --- [BankManApp] [main] com.zaxxer.hikari.HikariDataSource       : HikariPool-1 - Start completed.
2026-04-28T10:12:33.846+02:00  WARN 5556 --- [BankManApp] [main] org.hibernate.orm.deprecation            : HHH90000025: H2Dialect does not need to be specified explicitly using 'hibernate.dialect' (remove the property setting and it will be selected by default)
2026-04-28T10:12:33.886+02:00  INFO 5556 --- [BankManApp] [main] org.hibernate.orm.connections.pooling    : HHH10001005: Database info:
	Database JDBC URL [jdbc:h2:mem:testdb]
	Database driver: H2 JDBC Driver
	Database dialect: H2Dialect
	Database version: 2.4.240
	Default catalog/schema: TESTDB/PUBLIC
	Autocommit mode: undefined/unknown
	Isolation level: READ_COMMITTED [default READ_COMMITTED]
	JDBC fetch size: 100
	Pool: DataSourceConnectionProvider
	Minimum pool size: undefined/unknown
	Maximum pool size: undefined/unknown
2026-04-28T10:12:35.594+02:00  INFO 5556 --- [BankManApp] [main] org.hibernate.orm.core                   : HHH000489: No JTA platform available (set 'hibernate.transaction.jta.platform' to enable JTA platform integration)
2026-04-28T10:12:35.689+02:00  INFO 5556 --- [BankManApp] [main] j.LocalContainerEntityManagerFactoryBean : Initialized JPA EntityManagerFactory for persistence unit 'default'
2026-04-28T10:12:35.858+02:00  INFO 5556 --- [BankManApp] [main] o.s.d.j.r.query.QueryEnhancerFactories   : Hibernate is in classpath; If applicable, HQL parser will be used.
2026-04-28T10:12:36.418+02:00  WARN 5556 --- [BankManApp] [main] JpaBaseConfiguration$JpaWebConfiguration : spring.jpa.open-in-view is enabled by default. Therefore, database queries may be performed during view rendering. Explicitly configure spring.jpa.open-in-view to disable this warning
2026-04-28T10:12:37.065+02:00  WARN 5556 --- [BankManApp] [main] .s.a.UserDetailsServiceAutoConfiguration : 

Using generated security password: 78e46e67-69ae-4f7e-872a-188806c8715e

This generated password is for development use only. Your security configuration must be updated before running your application in production.

2026-04-28T10:12:37.138+02:00  INFO 5556 --- [BankManApp] [main] r$InitializeUserDetailsManagerConfigurer : Global AuthenticationManager configured with UserDetailsService bean with name inMemoryUserDetailsManager
2026-04-28T10:12:37.428+02:00  INFO 5556 --- [BankManApp] [main] o.s.b.h.a.H2ConsoleAutoConfiguration     : H2 console available at '/h2-console'. Database available at 'jdbc:h2:mem:testdb'
2026-04-28T10:12:37.705+02:00  INFO 5556 --- [BankManApp] [main] o.s.s.config.TaskSchedulerRouter         : No TaskScheduler/ScheduledExecutorService bean found for scheduled processing
2026-04-28T10:12:37.765+02:00  INFO 5556 --- [BankManApp] [main] c.e.b.BankManAppApplicationTests         : Started BankManAppApplicationTests in 7.703 seconds (process running for 9.892)
2026-04-28T10:12:39.074+02:00  INFO 5556 --- [BankManApp] [SpringApplicationShutdownHook] .s.m.e.c.DefaultEventPublicationRegistry : No publications outstanding!
2026-04-28T10:12:39.078+02:00  INFO 5556 --- [BankManApp] [SpringApplicationShutdownHook] j.LocalContainerEntityManagerFactoryBean : Closing JPA EntityManagerFactory for persistence unit 'default'
2026-04-28T10:12:39.082+02:00  INFO 5556 --- [BankManApp] [SpringApplicationShutdownHook] com.zaxxer.hikari.HikariDataSource       : HikariPool-1 - Shutdown initiated...
2026-04-28T10:12:39.085+02:00  INFO 5556 --- [BankManApp] [SpringApplicationShutdownHook] com.zaxxer.hikari.HikariDataSource       : HikariPool-1 - Shutdown completed.
2026-04-28T10:28:17.273+02:00  INFO 18136 --- [BankManApp] [main] c.e.b.BankManAppApplicationTests         : Starting BankManAppApplicationTests using Java 25.0.2 with PID 18136 (started by ptricari in C:\Users\ptricari\IdeaProjects\BankManApp)
2026-04-28T10:28:17.277+02:00  INFO 18136 --- [BankManApp] [main] c.e.b.BankManAppApplicationTests         : No active profile set, falling back to 1 default profile: "default"
2026-04-28T10:28:19.902+02:00  INFO 18136 --- [BankManApp] [main] .s.d.r.c.RepositoryConfigurationDelegate : Bootstrapping Spring Data JPA repositories in DEFAULT mode.
2026-04-28T10:28:20.127+02:00  INFO 18136 --- [BankManApp] [main] .s.d.r.c.RepositoryConfigurationDelegate : Finished Spring Data repository scanning in 185 ms. Found 4 JPA repository interfaces.
2026-04-28T10:28:22.085+02:00  INFO 18136 --- [BankManApp] [main] org.hibernate.orm.jpa                    : HHH008540: Processing PersistenceUnitInfo [name: default]
2026-04-28T10:28:22.399+02:00  INFO 18136 --- [BankManApp] [main] org.hibernate.orm.core                   : HHH000001: Hibernate ORM core version 7.2.7.Final
2026-04-28T10:28:23.714+02:00  INFO 18136 --- [BankManApp] [main] o.s.o.j.p.SpringPersistenceUnitInfo      : No LoadTimeWeaver setup: ignoring JPA class transformer
2026-04-28T10:28:23.833+02:00  INFO 18136 --- [BankManApp] [main] com.zaxxer.hikari.HikariDataSource       : HikariPool-1 - Starting...
2026-04-28T10:28:24.775+02:00  INFO 18136 --- [BankManApp] [main] com.zaxxer.hikari.pool.HikariPool        : HikariPool-1 - Added connection conn0: url=jdbc:h2:mem:testdb user=SA
2026-04-28T10:28:24.781+02:00  INFO 18136 --- [BankManApp] [main] com.zaxxer.hikari.HikariDataSource       : HikariPool-1 - Start completed.
2026-04-28T10:28:24.863+02:00  WARN 18136 --- [BankManApp] [main] org.hibernate.orm.deprecation            : HHH90000025: H2Dialect does not need to be specified explicitly using 'hibernate.dialect' (remove the property setting and it will be selected by default)
2026-04-28T10:28:24.939+02:00  INFO 18136 --- [BankManApp] [main] org.hibernate.orm.connections.pooling    : HHH10001005: Database info:
	Database JDBC URL [jdbc:h2:mem:testdb]
	Database driver: H2 JDBC Driver
	Database dialect: H2Dialect
	Database version: 2.4.240
	Default catalog/schema: TESTDB/PUBLIC
	Autocommit mode: undefined/unknown
	Isolation level: READ_COMMITTED [default READ_COMMITTED]
	JDBC fetch size: 100
	Pool: DataSourceConnectionProvider
	Minimum pool size: undefined/unknown
	Maximum pool size: undefined/unknown
2026-04-28T10:28:28.915+02:00  INFO 18136 --- [BankManApp] [main] org.hibernate.orm.core                   : HHH000489: No JTA platform available (set 'hibernate.transaction.jta.platform' to enable JTA platform integration)
2026-04-28T10:28:29.122+02:00  INFO 18136 --- [BankManApp] [main] j.LocalContainerEntityManagerFactoryBean : Initialized JPA EntityManagerFactory for persistence unit 'default'
2026-04-28T10:28:29.360+02:00  INFO 18136 --- [BankManApp] [main] o.s.d.j.r.query.QueryEnhancerFactories   : Hibernate is in classpath; If applicable, HQL parser will be used.
2026-04-28T10:28:30.205+02:00  WARN 18136 --- [BankManApp] [main] JpaBaseConfiguration$JpaWebConfiguration : spring.jpa.open-in-view is enabled by default. Therefore, database queries may be performed during view rendering. Explicitly configure spring.jpa.open-in-view to disable this warning
2026-04-28T10:28:31.286+02:00  WARN 18136 --- [BankManApp] [main] .s.a.UserDetailsServiceAutoConfiguration : 

Using generated security password: cd154343-8afc-478c-bbe5-0eb98b8c4de3

This generated password is for development use only. Your security configuration must be updated before running your application in production.

2026-04-28T10:28:31.460+02:00  INFO 18136 --- [BankManApp] [main] r$InitializeUserDetailsManagerConfigurer : Global AuthenticationManager configured with UserDetailsService bean with name inMemoryUserDetailsManager
2026-04-28T10:28:31.910+02:00  INFO 18136 --- [BankManApp] [main] o.s.b.h.a.H2ConsoleAutoConfiguration     : H2 console available at '/h2-console'. Database available at 'jdbc:h2:mem:testdb'
2026-04-28T10:28:32.294+02:00  INFO 18136 --- [BankManApp] [main] o.s.s.config.TaskSchedulerRouter         : No TaskScheduler/ScheduledExecutorService bean found for scheduled processing
2026-04-28T10:28:32.309+02:00  INFO 18136 --- [BankManApp] [main] c.e.b.BankManAppApplicationTests         : Started BankManAppApplicationTests in 16.411 seconds (process running for 27.418)
2026-04-28T10:28:34.460+02:00  INFO 18136 --- [BankManApp] [SpringApplicationShutdownHook] .s.m.e.c.DefaultEventPublicationRegistry : No publications outstanding!
2026-04-28T10:28:34.464+02:00  INFO 18136 --- [BankManApp] [SpringApplicationShutdownHook] j.LocalContainerEntityManagerFactoryBean : Closing JPA EntityManagerFactory for persistence unit 'default'
2026-04-28T10:28:34.469+02:00  INFO 18136 --- [BankManApp] [SpringApplicationShutdownHook] com.zaxxer.hikari.HikariDataSource       : HikariPool-1 - Shutdown initiated...
2026-04-28T10:28:34.473+02:00  INFO 18136 --- [BankManApp] [SpringApplicationShutdownHook] com.zaxxer.hikari.HikariDataSource       : HikariPool-1 - Shutdown completed.
2026-04-28T10:37:45.276+02:00  INFO 12592 --- [BankManApp] [main] c.e.b.BankManAppApplicationTests         : Starting BankManAppApplicationTests using Java 25.0.2 with PID 12592 (started by ptricari in C:\Users\ptricari\IdeaProjects\BankManApp)
2026-04-28T10:37:45.280+02:00  INFO 12592 --- [BankManApp] [main] c.e.b.BankManAppApplicationTests         : No active profile set, falling back to 1 default profile: "default"
2026-04-28T10:37:47.579+02:00  INFO 12592 --- [BankManApp] [main] .s.d.r.c.RepositoryConfigurationDelegate : Bootstrapping Spring Data JPA repositories in DEFAULT mode.
2026-04-28T10:37:47.821+02:00  INFO 12592 --- [BankManApp] [main] .s.d.r.c.RepositoryConfigurationDelegate : Finished Spring Data repository scanning in 206 ms. Found 4 JPA repository interfaces.
2026-04-28T10:37:49.516+02:00  INFO 12592 --- [BankManApp] [main] org.hibernate.orm.jpa                    : HHH008540: Processing PersistenceUnitInfo [name: default]
2026-04-28T10:37:49.798+02:00  INFO 12592 --- [BankManApp] [main] org.hibernate.orm.core                   : HHH000001: Hibernate ORM core version 7.2.7.Final
2026-04-28T10:37:50.948+02:00  INFO 12592 --- [BankManApp] [main] o.s.o.j.p.SpringPersistenceUnitInfo      : No LoadTimeWeaver setup: ignoring JPA class transformer
2026-04-28T10:37:51.040+02:00  INFO 12592 --- [BankManApp] [main] com.zaxxer.hikari.HikariDataSource       : HikariPool-1 - Starting...
2026-04-28T10:37:51.570+02:00  INFO 12592 --- [BankManApp] [main] com.zaxxer.hikari.pool.HikariPool        : HikariPool-1 - Added connection conn0: url=jdbc:h2:mem:testdb user=SA
2026-04-28T10:37:51.573+02:00  INFO 12592 --- [BankManApp] [main] com.zaxxer.hikari.HikariDataSource       : HikariPool-1 - Start completed.
2026-04-28T10:37:51.623+02:00  WARN 12592 --- [BankManApp] [main] org.hibernate.orm.deprecation            : HHH90000025: H2Dialect does not need to be specified explicitly using 'hibernate.dialect' (remove the property setting and it will be selected by default)
2026-04-28T10:37:51.671+02:00  INFO 12592 --- [BankManApp] [main] org.hibernate.orm.connections.pooling    : HHH10001005: Database info:
	Database JDBC URL [jdbc:h2:mem:testdb]
	Database driver: H2 JDBC Driver
	Database dialect: H2Dialect
	Database version: 2.4.240
	Default catalog/schema: TESTDB/PUBLIC
	Autocommit mode: undefined/unknown
	Isolation level: READ_COMMITTED [default READ_COMMITTED]
	JDBC fetch size: 100
	Pool: DataSourceConnectionProvider
	Minimum pool size: undefined/unknown
	Maximum pool size: undefined/unknown
2026-04-28T10:37:53.986+02:00  INFO 12592 --- [BankManApp] [main] org.hibernate.orm.core                   : HHH000489: No JTA platform available (set 'hibernate.transaction.jta.platform' to enable JTA platform integration)
2026-04-28T10:37:54.124+02:00  INFO 12592 --- [BankManApp] [main] j.LocalContainerEntityManagerFactoryBean : Initialized JPA EntityManagerFactory for persistence unit 'default'
2026-04-28T10:37:54.249+02:00  INFO 12592 --- [BankManApp] [main] o.s.d.j.r.query.QueryEnhancerFactories   : Hibernate is in classpath; If applicable, HQL parser will be used.
2026-04-28T10:37:54.717+02:00  WARN 12592 --- [BankManApp] [main] JpaBaseConfiguration$JpaWebConfiguration : spring.jpa.open-in-view is enabled by default. Therefore, database queries may be performed during view rendering. Explicitly configure spring.jpa.open-in-view to disable this warning
2026-04-28T10:37:55.454+02:00  WARN 12592 --- [BankManApp] [main] .s.a.UserDetailsServiceAutoConfiguration : 

Using generated security password: be8043cc-dfdd-423f-bad8-fd235730b315

This generated password is for development use only. Your security configuration must be updated before running your application in production.

2026-04-28T10:37:55.557+02:00  INFO 12592 --- [BankManApp] [main] r$InitializeUserDetailsManagerConfigurer : Global AuthenticationManager configured with UserDetailsService bean with name inMemoryUserDetailsManager
2026-04-28T10:37:55.989+02:00  INFO 12592 --- [BankManApp] [main] o.s.b.h.a.H2ConsoleAutoConfiguration     : H2 console available at '/h2-console'. Database available at 'jdbc:h2:mem:testdb'
2026-04-28T10:37:56.391+02:00  INFO 12592 --- [BankManApp] [main] o.s.s.config.TaskSchedulerRouter         : No TaskScheduler/ScheduledExecutorService bean found for scheduled processing
2026-04-28T10:37:56.404+02:00  INFO 12592 --- [BankManApp] [main] c.e.b.BankManAppApplicationTests         : Started BankManAppApplicationTests in 12.024 seconds (process running for 18.479)
2026-04-28T10:37:58.123+02:00  INFO 12592 --- [BankManApp] [SpringApplicationShutdownHook] .s.m.e.c.DefaultEventPublicationRegistry : No publications outstanding!
2026-04-28T10:37:58.126+02:00  INFO 12592 --- [BankManApp] [SpringApplicationShutdownHook] j.LocalContainerEntityManagerFactoryBean : Closing JPA EntityManagerFactory for persistence unit 'default'
2026-04-28T10:37:58.129+02:00  INFO 12592 --- [BankManApp] [SpringApplicationShutdownHook] com.zaxxer.hikari.HikariDataSource       : HikariPool-1 - Shutdown initiated...
2026-04-28T10:37:58.132+02:00  INFO 12592 --- [BankManApp] [SpringApplicationShutdownHook] com.zaxxer.hikari.HikariDataSource       : HikariPool-1 - Shutdown completed.
2026-04-28T12:01:01.908+02:00  INFO 22352 --- [BankManApp] [main] c.e.b.BankManAppApplicationTests         : Starting BankManAppApplicationTests using Java 25.0.2 with PID 22352 (started by ptricari in C:\Users\ptricari\IdeaProjects\BankManApp)
2026-04-28T12:01:01.912+02:00  INFO 22352 --- [BankManApp] [main] c.e.b.BankManAppApplicationTests         : No active profile set, falling back to 1 default profile: "default"
2026-04-28T12:01:03.763+02:00  INFO 22352 --- [BankManApp] [main] .s.d.r.c.RepositoryConfigurationDelegate : Bootstrapping Spring Data JPA repositories in DEFAULT mode.
2026-04-28T12:01:03.923+02:00  INFO 22352 --- [BankManApp] [main] .s.d.r.c.RepositoryConfigurationDelegate : Finished Spring Data repository scanning in 131 ms. Found 4 JPA repository interfaces.
2026-04-28T12:01:04.963+02:00  INFO 22352 --- [BankManApp] [main] org.hibernate.orm.jpa                    : HHH008540: Processing PersistenceUnitInfo [name: default]
2026-04-28T12:01:05.111+02:00  INFO 22352 --- [BankManApp] [main] org.hibernate.orm.core                   : HHH000001: Hibernate ORM core version 7.2.7.Final
2026-04-28T12:01:05.858+02:00  INFO 22352 --- [BankManApp] [main] o.s.o.j.p.SpringPersistenceUnitInfo      : No LoadTimeWeaver setup: ignoring JPA class transformer
2026-04-28T12:01:05.934+02:00  INFO 22352 --- [BankManApp] [main] com.zaxxer.hikari.HikariDataSource       : HikariPool-1 - Starting...
2026-04-28T12:01:06.481+02:00  INFO 22352 --- [BankManApp] [main] com.zaxxer.hikari.pool.HikariPool        : HikariPool-1 - Added connection conn0: url=jdbc:h2:mem:testdb user=SA
2026-04-28T12:01:06.485+02:00  INFO 22352 --- [BankManApp] [main] com.zaxxer.hikari.HikariDataSource       : HikariPool-1 - Start completed.
2026-04-28T12:01:06.543+02:00  WARN 22352 --- [BankManApp] [main] org.hibernate.orm.deprecation            : HHH90000025: H2Dialect does not need to be specified explicitly using 'hibernate.dialect' (remove the property setting and it will be selected by default)
2026-04-28T12:01:06.604+02:00  INFO 22352 --- [BankManApp] [main] org.hibernate.orm.connections.pooling    : HHH10001005: Database info:
	Database JDBC URL [jdbc:h2:mem:testdb]
	Database driver: H2 JDBC Driver
	Database dialect: H2Dialect
	Database version: 2.4.240
	Default catalog/schema: TESTDB/PUBLIC
	Autocommit mode: undefined/unknown
	Isolation level: READ_COMMITTED [default READ_COMMITTED]
	JDBC fetch size: 100
	Pool: DataSourceConnectionProvider
	Minimum pool size: undefined/unknown
	Maximum pool size: undefined/unknown
2026-04-28T12:01:09.149+02:00  INFO 22352 --- [BankManApp] [main] org.hibernate.orm.core                   : HHH000489: No JTA platform available (set 'hibernate.transaction.jta.platform' to enable JTA platform integration)
2026-04-28T12:01:09.315+02:00  INFO 22352 --- [BankManApp] [main] j.LocalContainerEntityManagerFactoryBean : Initialized JPA EntityManagerFactory for persistence unit 'default'
2026-04-28T12:01:09.516+02:00  INFO 22352 --- [BankManApp] [main] o.s.d.j.r.query.QueryEnhancerFactories   : Hibernate is in classpath; If applicable, HQL parser will be used.
2026-04-28T12:01:10.006+02:00  WARN 22352 --- [BankManApp] [main] JpaBaseConfiguration$JpaWebConfiguration : spring.jpa.open-in-view is enabled by default. Therefore, database queries may be performed during view rendering. Explicitly configure spring.jpa.open-in-view to disable this warning
2026-04-28T12:01:10.736+02:00  WARN 22352 --- [BankManApp] [main] .s.a.UserDetailsServiceAutoConfiguration : 

Using generated security password: 2207dd12-1e14-4033-ae0d-4c2633b53fd2

This generated password is for development use only. Your security configuration must be updated before running your application in production.

2026-04-28T12:01:10.837+02:00  INFO 22352 --- [BankManApp] [main] r$InitializeUserDetailsManagerConfigurer : Global AuthenticationManager configured with UserDetailsService bean with name inMemoryUserDetailsManager
2026-04-28T12:01:11.253+02:00  INFO 22352 --- [BankManApp] [main] o.s.b.h.a.H2ConsoleAutoConfiguration     : H2 console available at '/h2-console'. Database available at 'jdbc:h2:mem:testdb'
2026-04-28T12:01:11.574+02:00  INFO 22352 --- [BankManApp] [main] o.s.s.config.TaskSchedulerRouter         : No TaskScheduler/ScheduledExecutorService bean found for scheduled processing
2026-04-28T12:01:11.588+02:00  INFO 22352 --- [BankManApp] [main] c.e.b.BankManAppApplicationTests         : Started BankManAppApplicationTests in 10.645 seconds (process running for 18.188)
2026-04-28T12:01:13.330+02:00  INFO 22352 --- [BankManApp] [SpringApplicationShutdownHook] .s.m.e.c.DefaultEventPublicationRegistry : No publications outstanding!
2026-04-28T12:01:13.333+02:00  INFO 22352 --- [BankManApp] [SpringApplicationShutdownHook] j.LocalContainerEntityManagerFactoryBean : Closing JPA EntityManagerFactory for persistence unit 'default'
2026-04-28T12:01:13.336+02:00  INFO 22352 --- [BankManApp] [SpringApplicationShutdownHook] com.zaxxer.hikari.HikariDataSource       : HikariPool-1 - Shutdown initiated...
2026-04-28T12:01:13.340+02:00  INFO 22352 --- [BankManApp] [SpringApplicationShutdownHook] com.zaxxer.hikari.HikariDataSource       : HikariPool-1 - Shutdown completed.
2026-04-28T12:01:52.994+02:00  INFO 19080 --- [BankManApp] [restartedMain] c.e.bankmanapp.BankManAppApplication     : Starting BankManAppApplication using Java 25.0.2 with PID 19080 (C:\Users\ptricari\IdeaProjects\BankManApp\target\classes started by ptricari in C:\Users\ptricari\IdeaProjects\BankManApp)
2026-04-28T12:01:52.996+02:00  INFO 19080 --- [BankManApp] [restartedMain] c.e.bankmanapp.BankManAppApplication     : No active profile set, falling back to 1 default profile: "default"
2026-04-28T12:01:53.070+02:00  INFO 19080 --- [BankManApp] [restartedMain] .e.DevToolsPropertyDefaultsPostProcessor : Devtools property defaults active! Set 'spring.devtools.add-properties' to 'false' to disable
2026-04-28T12:01:53.070+02:00  INFO 19080 --- [BankManApp] [restartedMain] .e.DevToolsPropertyDefaultsPostProcessor : For additional web related logging consider setting the 'logging.level.web' property to 'DEBUG'
2026-04-28T12:01:53.873+02:00  INFO 19080 --- [BankManApp] [restartedMain] .s.d.r.c.RepositoryConfigurationDelegate : Bootstrapping Spring Data JPA repositories in DEFAULT mode.
2026-04-28T12:01:53.945+02:00  INFO 19080 --- [BankManApp] [restartedMain] .s.d.r.c.RepositoryConfigurationDelegate : Finished Spring Data repository scanning in 61 ms. Found 4 JPA repository interfaces.
2026-04-28T12:01:54.546+02:00  INFO 19080 --- [BankManApp] [restartedMain] o.s.boot.tomcat.TomcatWebServer          : Tomcat initialized with port 8080 (http)
2026-04-28T12:01:54.560+02:00  INFO 19080 --- [BankManApp] [restartedMain] o.apache.catalina.core.StandardService   : Starting service [Tomcat]
2026-04-28T12:01:54.560+02:00  INFO 19080 --- [BankManApp] [restartedMain] o.apache.catalina.core.StandardEngine    : Starting Servlet engine: [Apache Tomcat/11.0.20]
2026-04-28T12:01:54.616+02:00  INFO 19080 --- [BankManApp] [restartedMain] b.w.c.s.WebApplicationContextInitializer : Root WebApplicationContext: initialization completed in 1545 ms
2026-04-28T12:01:54.797+02:00  INFO 19080 --- [BankManApp] [restartedMain] org.hibernate.orm.jpa                    : HHH008540: Processing PersistenceUnitInfo [name: default]
2026-04-28T12:01:54.853+02:00  INFO 19080 --- [BankManApp] [restartedMain] org.hibernate.orm.core                   : HHH000001: Hibernate ORM core version 7.2.7.Final
2026-04-28T12:01:55.354+02:00  INFO 19080 --- [BankManApp] [restartedMain] o.s.o.j.p.SpringPersistenceUnitInfo      : No LoadTimeWeaver setup: ignoring JPA class transformer
2026-04-28T12:01:55.388+02:00  INFO 19080 --- [BankManApp] [restartedMain] com.zaxxer.hikari.HikariDataSource       : HikariPool-1 - Starting...
2026-04-28T12:01:55.560+02:00  INFO 19080 --- [BankManApp] [restartedMain] com.zaxxer.hikari.pool.HikariPool        : HikariPool-1 - Added connection conn0: url=jdbc:h2:mem:testdb user=SA
2026-04-28T12:01:55.561+02:00  INFO 19080 --- [BankManApp] [restartedMain] com.zaxxer.hikari.HikariDataSource       : HikariPool-1 - Start completed.
2026-04-28T12:01:55.591+02:00  WARN 19080 --- [BankManApp] [restartedMain] org.hibernate.orm.deprecation            : HHH90000025: H2Dialect does not need to be specified explicitly using 'hibernate.dialect' (remove the property setting and it will be selected by default)
2026-04-28T12:01:55.618+02:00  INFO 19080 --- [BankManApp] [restartedMain] org.hibernate.orm.connections.pooling    : HHH10001005: Database info:
	Database JDBC URL [jdbc:h2:mem:testdb]
	Database driver: H2 JDBC Driver
	Database dialect: H2Dialect
	Database version: 2.4.240
	Default catalog/schema: TESTDB/PUBLIC
	Autocommit mode: undefined/unknown
	Isolation level: READ_COMMITTED [default READ_COMMITTED]
	JDBC fetch size: 100
	Pool: DataSourceConnectionProvider
	Minimum pool size: undefined/unknown
	Maximum pool size: undefined/unknown
2026-04-28T12:01:56.816+02:00  INFO 19080 --- [BankManApp] [restartedMain] org.hibernate.orm.core                   : HHH000489: No JTA platform available (set 'hibernate.transaction.jta.platform' to enable JTA platform integration)
2026-04-28T12:01:56.916+02:00  INFO 19080 --- [BankManApp] [restartedMain] j.LocalContainerEntityManagerFactoryBean : Initialized JPA EntityManagerFactory for persistence unit 'default'
2026-04-28T12:01:57.018+02:00  INFO 19080 --- [BankManApp] [restartedMain] o.s.d.j.r.query.QueryEnhancerFactories   : Hibernate is in classpath; If applicable, HQL parser will be used.
2026-04-28T12:01:57.299+02:00  WARN 19080 --- [BankManApp] [restartedMain] JpaBaseConfiguration$JpaWebConfiguration : spring.jpa.open-in-view is enabled by default. Therefore, database queries may be performed during view rendering. Explicitly configure spring.jpa.open-in-view to disable this warning
2026-04-28T12:01:57.644+02:00  INFO 19080 --- [BankManApp] [restartedMain] o.s.b.h.a.H2ConsoleAutoConfiguration     : H2 console available at '/h2-console'. Database available at 'jdbc:h2:mem:testdb'
2026-04-28T12:01:57.758+02:00  INFO 19080 --- [BankManApp] [restartedMain] o.s.boot.tomcat.TomcatWebServer          : Tomcat started on port 8080 (http) with context path '/'
2026-04-28T12:01:57.766+02:00  INFO 19080 --- [BankManApp] [restartedMain] o.s.s.config.TaskSchedulerRouter         : No TaskScheduler/ScheduledExecutorService bean found for scheduled processing
2026-04-28T12:01:57.771+02:00  INFO 19080 --- [BankManApp] [restartedMain] c.e.bankmanapp.BankManAppApplication     : Started BankManAppApplication in 5.408 seconds (process running for 6.28)
2026-04-28T12:02:31.676+02:00  INFO 19080 --- [BankManApp] [http-nio-8080-exec-1] o.a.c.c.C.[Tomcat].[localhost].[/]       : Initializing Spring DispatcherServlet 'dispatcherServlet'
2026-04-28T12:02:31.676+02:00  INFO 19080 --- [BankManApp] [http-nio-8080-exec-1] o.s.web.servlet.DispatcherServlet        : Initializing Servlet 'dispatcherServlet'
2026-04-28T12:02:31.678+02:00  INFO 19080 --- [BankManApp] [http-nio-8080-exec-1] o.s.web.servlet.DispatcherServlet        : Completed initialization in 1 ms
2026-04-28T12:02:37.172+02:00  INFO 19080 --- [BankManApp] [http-nio-8080-exec-8] c.e.bankmanapp.Service.ContoService      : Conto salvato con ID 1
2026-04-28T12:02:39.986+02:00  INFO 19080 --- [BankManApp] [http-nio-8080-exec-5] c.e.bankmanapp.Service.CartaService      : Carta salvata con ID 1
2026-04-28T12:02:42.894+02:00  INFO 19080 --- [BankManApp] [http-nio-8080-exec-7] c.e.b.Controller.MovimentiController     : Richiesta creazione nuovo movimento
2026-04-28T12:02:42.898+02:00  INFO 19080 --- [BankManApp] [http-nio-8080-exec-7] c.e.bankmanapp.Service.MovimentiService  : Movimento salvato con ID 1
2026-04-28T12:02:42.899+02:00  INFO 19080 --- [BankManApp] [http-nio-8080-exec-7] c.e.b.Controller.MovimentiController     : Movimento registrato con successo - ID: 1
2026-04-28T12:02:54.855+02:00  WARN 19080 --- [BankManApp] [http-nio-8080-exec-9] org.hibernate.orm.jdbc.error             : HHH000247: ErrorCode: 23503, SQLState: 23503
2026-04-28T12:02:54.855+02:00  WARN 19080 --- [BankManApp] [http-nio-8080-exec-9] org.hibernate.orm.jdbc.error             : Referential integrity constraint violation: "FKK6VTB0MVHI5AGTTPNPRG34DX7: PUBLIC.MOVIMENTI FOREIGN KEY(ID_CARTA) REFERENCES PUBLIC.CARTE(ID) (1)"; SQL statement:
delete from carte where id=? [23503-240]
2026-04-28T12:03:36.633+02:00  WARN 19080 --- [BankManApp] [http-nio-8080-exec-8] org.hibernate.orm.jdbc.error             : HHH000247: ErrorCode: 23502, SQLState: 23502
2026-04-28T12:03:36.634+02:00  WARN 19080 --- [BankManApp] [http-nio-8080-exec-8] org.hibernate.orm.jdbc.error             : NULL not allowed for column "ID_CARTA"; SQL statement:
update movimenti set id_carta=?,id_conto=?,data=?,importo=?,tipo=? where id=? [23502-240]
2026-04-28T12:04:24.887+02:00  WARN 19080 --- [BankManApp] [http-nio-8080-exec-4] c.e.bankmanapp.Service.UserService       : Impossibile eliminare utente 1: movimenti associati presenti
2026-04-28T12:08:41.936+02:00  INFO 19080 --- [BankManApp] [SpringApplicationShutdownHook] o.s.boot.tomcat.GracefulShutdown         : Commencing graceful shutdown. Waiting for active requests to complete
2026-04-28T12:08:41.949+02:00  INFO 19080 --- [BankManApp] [tomcat-shutdown] o.s.boot.tomcat.GracefulShutdown         : Graceful shutdown complete
2026-04-28T12:08:41.973+02:00  INFO 19080 --- [BankManApp] [SpringApplicationShutdownHook] .s.m.e.c.DefaultEventPublicationRegistry : No publications outstanding!
2026-04-28T12:08:41.975+02:00  INFO 19080 --- [BankManApp] [SpringApplicationShutdownHook] j.LocalContainerEntityManagerFactoryBean : Closing JPA EntityManagerFactory for persistence unit 'default'
2026-04-28T12:08:41.981+02:00  WARN 19080 --- [BankManApp] [SpringApplicationShutdownHook] o.s.b.f.support.DisposableBeanAdapter    : Invocation of destroy method failed on bean with name 'inMemoryDatabaseShutdownExecutor': org.h2.jdbc.JdbcSQLNonTransientConnectionException: Database is already closed (to disable automatic closing at VM shutdown, add ";DB_CLOSE_ON_EXIT=FALSE" to the db URL) [90121-240]
2026-04-28T12:08:41.982+02:00  INFO 19080 --- [BankManApp] [SpringApplicationShutdownHook] com.zaxxer.hikari.HikariDataSource       : HikariPool-1 - Shutdown initiated...
2026-04-28T12:08:41.983+02:00  INFO 19080 --- [BankManApp] [SpringApplicationShutdownHook] com.zaxxer.hikari.HikariDataSource       : HikariPool-1 - Shutdown completed.
2026-04-28T12:08:48.044+02:00  INFO 20608 --- [BankManApp] [restartedMain] c.e.bankmanapp.BankManAppApplication     : Starting BankManAppApplication using Java 25.0.2 with PID 20608 (C:\Users\ptricari\IdeaProjects\BankManApp\target\classes started by ptricari in C:\Users\ptricari\IdeaProjects\BankManApp)
2026-04-28T12:08:48.046+02:00  INFO 20608 --- [BankManApp] [restartedMain] c.e.bankmanapp.BankManAppApplication     : No active profile set, falling back to 1 default profile: "default"
2026-04-28T12:08:48.111+02:00  INFO 20608 --- [BankManApp] [restartedMain] .e.DevToolsPropertyDefaultsPostProcessor : Devtools property defaults active! Set 'spring.devtools.add-properties' to 'false' to disable
2026-04-28T12:08:48.111+02:00  INFO 20608 --- [BankManApp] [restartedMain] .e.DevToolsPropertyDefaultsPostProcessor : For additional web related logging consider setting the 'logging.level.web' property to 'DEBUG'
2026-04-28T12:08:49.200+02:00  INFO 20608 --- [BankManApp] [restartedMain] .s.d.r.c.RepositoryConfigurationDelegate : Bootstrapping Spring Data JPA repositories in DEFAULT mode.
2026-04-28T12:08:49.287+02:00  INFO 20608 --- [BankManApp] [restartedMain] .s.d.r.c.RepositoryConfigurationDelegate : Finished Spring Data repository scanning in 76 ms. Found 4 JPA repository interfaces.
2026-04-28T12:08:50.148+02:00  INFO 20608 --- [BankManApp] [restartedMain] o.s.boot.tomcat.TomcatWebServer          : Tomcat initialized with port 8080 (http)
2026-04-28T12:08:50.162+02:00  INFO 20608 --- [BankManApp] [restartedMain] o.apache.catalina.core.StandardService   : Starting service [Tomcat]
2026-04-28T12:08:50.163+02:00  INFO 20608 --- [BankManApp] [restartedMain] o.apache.catalina.core.StandardEngine    : Starting Servlet engine: [Apache Tomcat/11.0.20]
2026-04-28T12:08:50.224+02:00  INFO 20608 --- [BankManApp] [restartedMain] b.w.c.s.WebApplicationContextInitializer : Root WebApplicationContext: initialization completed in 2112 ms
2026-04-28T12:08:50.418+02:00  INFO 20608 --- [BankManApp] [restartedMain] org.hibernate.orm.jpa                    : HHH008540: Processing PersistenceUnitInfo [name: default]
2026-04-28T12:08:50.469+02:00  INFO 20608 --- [BankManApp] [restartedMain] org.hibernate.orm.core                   : HHH000001: Hibernate ORM core version 7.2.7.Final
2026-04-28T12:08:51.023+02:00  INFO 20608 --- [BankManApp] [restartedMain] o.s.o.j.p.SpringPersistenceUnitInfo      : No LoadTimeWeaver setup: ignoring JPA class transformer
2026-04-28T12:08:51.071+02:00  INFO 20608 --- [BankManApp] [restartedMain] com.zaxxer.hikari.HikariDataSource       : HikariPool-1 - Starting...
2026-04-28T12:08:51.277+02:00  INFO 20608 --- [BankManApp] [restartedMain] com.zaxxer.hikari.pool.HikariPool        : HikariPool-1 - Added connection conn0: url=jdbc:h2:mem:testdb user=SA
2026-04-28T12:08:51.279+02:00  INFO 20608 --- [BankManApp] [restartedMain] com.zaxxer.hikari.HikariDataSource       : HikariPool-1 - Start completed.
2026-04-28T12:08:51.306+02:00  WARN 20608 --- [BankManApp] [restartedMain] org.hibernate.orm.deprecation            : HHH90000025: H2Dialect does not need to be specified explicitly using 'hibernate.dialect' (remove the property setting and it will be selected by default)
2026-04-28T12:08:51.340+02:00  INFO 20608 --- [BankManApp] [restartedMain] org.hibernate.orm.connections.pooling    : HHH10001005: Database info:
	Database JDBC URL [jdbc:h2:mem:testdb]
	Database driver: H2 JDBC Driver
	Database dialect: H2Dialect
	Database version: 2.4.240
	Default catalog/schema: TESTDB/PUBLIC
	Autocommit mode: undefined/unknown
	Isolation level: READ_COMMITTED [default READ_COMMITTED]
	JDBC fetch size: 100
	Pool: DataSourceConnectionProvider
	Minimum pool size: undefined/unknown
	Maximum pool size: undefined/unknown
2026-04-28T12:08:52.608+02:00  INFO 20608 --- [BankManApp] [restartedMain] org.hibernate.orm.core                   : HHH000489: No JTA platform available (set 'hibernate.transaction.jta.platform' to enable JTA platform integration)
2026-04-28T12:08:52.712+02:00  INFO 20608 --- [BankManApp] [restartedMain] j.LocalContainerEntityManagerFactoryBean : Initialized JPA EntityManagerFactory for persistence unit 'default'
2026-04-28T12:08:52.804+02:00  INFO 20608 --- [BankManApp] [restartedMain] o.s.d.j.r.query.QueryEnhancerFactories   : Hibernate is in classpath; If applicable, HQL parser will be used.
2026-04-28T12:08:53.053+02:00  WARN 20608 --- [BankManApp] [restartedMain] JpaBaseConfiguration$JpaWebConfiguration : spring.jpa.open-in-view is enabled by default. Therefore, database queries may be performed during view rendering. Explicitly configure spring.jpa.open-in-view to disable this warning
2026-04-28T12:08:53.449+02:00  INFO 20608 --- [BankManApp] [restartedMain] o.s.b.h.a.H2ConsoleAutoConfiguration     : H2 console available at '/h2-console'. Database available at 'jdbc:h2:mem:testdb'
2026-04-28T12:08:53.576+02:00  INFO 20608 --- [BankManApp] [restartedMain] o.s.boot.tomcat.TomcatWebServer          : Tomcat started on port 8080 (http) with context path '/'
2026-04-28T12:08:53.586+02:00  INFO 20608 --- [BankManApp] [restartedMain] o.s.s.config.TaskSchedulerRouter         : No TaskScheduler/ScheduledExecutorService bean found for scheduled processing
2026-04-28T12:08:53.591+02:00  INFO 20608 --- [BankManApp] [restartedMain] c.e.bankmanapp.BankManAppApplication     : Started BankManAppApplication in 6.181 seconds (process running for 7.053)
2026-04-28T12:08:56.637+02:00  INFO 20608 --- [BankManApp] [http-nio-8080-exec-1] o.a.c.c.C.[Tomcat].[localhost].[/]       : Initializing Spring DispatcherServlet 'dispatcherServlet'
2026-04-28T12:08:56.638+02:00  INFO 20608 --- [BankManApp] [http-nio-8080-exec-1] o.s.web.servlet.DispatcherServlet        : Initializing Servlet 'dispatcherServlet'
2026-04-28T12:08:56.639+02:00  INFO 20608 --- [BankManApp] [http-nio-8080-exec-1] o.s.web.servlet.DispatcherServlet        : Completed initialization in 1 ms
2026-04-28T12:08:58.985+02:00  INFO 20608 --- [BankManApp] [http-nio-8080-exec-3] c.e.bankmanapp.Service.ContoService      : Conto salvato con ID 1
2026-04-28T12:09:00.869+02:00  INFO 20608 --- [BankManApp] [http-nio-8080-exec-4] c.e.bankmanapp.Service.CartaService      : Carta salvata con ID 1
2026-04-28T12:09:03.081+02:00  INFO 20608 --- [BankManApp] [http-nio-8080-exec-5] c.e.b.Controller.MovimentiController     : Richiesta creazione nuovo movimento
2026-04-28T12:09:03.085+02:00  INFO 20608 --- [BankManApp] [http-nio-8080-exec-5] c.e.bankmanapp.Service.MovimentiService  : Movimento salvato con ID 1
2026-04-28T12:09:03.086+02:00  INFO 20608 --- [BankManApp] [http-nio-8080-exec-5] c.e.b.Controller.MovimentiController     : Movimento registrato con successo - ID: 1
2026-04-28T12:09:07.015+02:00  WARN 20608 --- [BankManApp] [http-nio-8080-exec-6] c.e.bankmanapp.Service.ContoService      : Impossibile eliminare conto 1: movimenti associati presenti
2026-04-28T12:10:18.945+02:00  INFO 20608 --- [BankManApp] [SpringApplicationShutdownHook] o.s.boot.tomcat.GracefulShutdown         : Commencing graceful shutdown. Waiting for active requests to complete
2026-04-28T12:10:18.964+02:00  INFO 20608 --- [BankManApp] [tomcat-shutdown] o.s.boot.tomcat.GracefulShutdown         : Graceful shutdown complete
2026-04-28T12:10:18.993+02:00  INFO 20608 --- [BankManApp] [SpringApplicationShutdownHook] .s.m.e.c.DefaultEventPublicationRegistry : No publications outstanding!
2026-04-28T12:10:18.996+02:00  INFO 20608 --- [BankManApp] [SpringApplicationShutdownHook] j.LocalContainerEntityManagerFactoryBean : Closing JPA EntityManagerFactory for persistence unit 'default'
2026-04-28T12:10:19.002+02:00  WARN 20608 --- [BankManApp] [SpringApplicationShutdownHook] o.s.b.f.support.DisposableBeanAdapter    : Invocation of destroy method failed on bean with name 'inMemoryDatabaseShutdownExecutor': org.h2.jdbc.JdbcSQLNonTransientConnectionException: Database is already closed (to disable automatic closing at VM shutdown, add ";DB_CLOSE_ON_EXIT=FALSE" to the db URL) [90121-240]
2026-04-28T12:10:19.003+02:00  INFO 20608 --- [BankManApp] [SpringApplicationShutdownHook] com.zaxxer.hikari.HikariDataSource       : HikariPool-1 - Shutdown initiated...
2026-04-28T12:10:19.005+02:00  INFO 20608 --- [BankManApp] [SpringApplicationShutdownHook] com.zaxxer.hikari.HikariDataSource       : HikariPool-1 - Shutdown completed.
2026-04-28T12:10:24.730+02:00  INFO 6976 --- [BankManApp] [restartedMain] c.e.bankmanapp.BankManAppApplication     : Starting BankManAppApplication using Java 25.0.2 with PID 6976 (C:\Users\ptricari\IdeaProjects\BankManApp\target\classes started by ptricari in C:\Users\ptricari\IdeaProjects\BankManApp)
2026-04-28T12:10:24.734+02:00  INFO 6976 --- [BankManApp] [restartedMain] c.e.bankmanapp.BankManAppApplication     : No active profile set, falling back to 1 default profile: "default"
2026-04-28T12:10:24.799+02:00  INFO 6976 --- [BankManApp] [restartedMain] .e.DevToolsPropertyDefaultsPostProcessor : Devtools property defaults active! Set 'spring.devtools.add-properties' to 'false' to disable
2026-04-28T12:10:24.799+02:00  INFO 6976 --- [BankManApp] [restartedMain] .e.DevToolsPropertyDefaultsPostProcessor : For additional web related logging consider setting the 'logging.level.web' property to 'DEBUG'
2026-04-28T12:10:25.532+02:00  INFO 6976 --- [BankManApp] [restartedMain] .s.d.r.c.RepositoryConfigurationDelegate : Bootstrapping Spring Data JPA repositories in DEFAULT mode.
2026-04-28T12:10:25.610+02:00  INFO 6976 --- [BankManApp] [restartedMain] .s.d.r.c.RepositoryConfigurationDelegate : Finished Spring Data repository scanning in 67 ms. Found 4 JPA repository interfaces.
2026-04-28T12:10:26.234+02:00  INFO 6976 --- [BankManApp] [restartedMain] o.s.boot.tomcat.TomcatWebServer          : Tomcat initialized with port 8080 (http)
2026-04-28T12:10:26.247+02:00  INFO 6976 --- [BankManApp] [restartedMain] o.apache.catalina.core.StandardService   : Starting service [Tomcat]
2026-04-28T12:10:26.248+02:00  INFO 6976 --- [BankManApp] [restartedMain] o.apache.catalina.core.StandardEngine    : Starting Servlet engine: [Apache Tomcat/11.0.20]
2026-04-28T12:10:26.305+02:00  INFO 6976 --- [BankManApp] [restartedMain] b.w.c.s.WebApplicationContextInitializer : Root WebApplicationContext: initialization completed in 1505 ms
2026-04-28T12:10:26.482+02:00  INFO 6976 --- [BankManApp] [restartedMain] org.hibernate.orm.jpa                    : HHH008540: Processing PersistenceUnitInfo [name: default]
2026-04-28T12:10:26.537+02:00  INFO 6976 --- [BankManApp] [restartedMain] org.hibernate.orm.core                   : HHH000001: Hibernate ORM core version 7.2.7.Final
2026-04-28T12:10:27.037+02:00  INFO 6976 --- [BankManApp] [restartedMain] o.s.o.j.p.SpringPersistenceUnitInfo      : No LoadTimeWeaver setup: ignoring JPA class transformer
2026-04-28T12:10:27.071+02:00  INFO 6976 --- [BankManApp] [restartedMain] com.zaxxer.hikari.HikariDataSource       : HikariPool-1 - Starting...
2026-04-28T12:10:27.258+02:00  INFO 6976 --- [BankManApp] [restartedMain] com.zaxxer.hikari.pool.HikariPool        : HikariPool-1 - Added connection conn0: url=jdbc:h2:mem:testdb user=SA
2026-04-28T12:10:27.260+02:00  INFO 6976 --- [BankManApp] [restartedMain] com.zaxxer.hikari.HikariDataSource       : HikariPool-1 - Start completed.
2026-04-28T12:10:27.283+02:00  WARN 6976 --- [BankManApp] [restartedMain] org.hibernate.orm.deprecation            : HHH90000025: H2Dialect does not need to be specified explicitly using 'hibernate.dialect' (remove the property setting and it will be selected by default)
2026-04-28T12:10:27.308+02:00  INFO 6976 --- [BankManApp] [restartedMain] org.hibernate.orm.connections.pooling    : HHH10001005: Database info:
	Database JDBC URL [jdbc:h2:mem:testdb]
	Database driver: H2 JDBC Driver
	Database dialect: H2Dialect
	Database version: 2.4.240
	Default catalog/schema: TESTDB/PUBLIC
	Autocommit mode: undefined/unknown
	Isolation level: READ_COMMITTED [default READ_COMMITTED]
	JDBC fetch size: 100
	Pool: DataSourceConnectionProvider
	Minimum pool size: undefined/unknown
	Maximum pool size: undefined/unknown
2026-04-28T12:10:28.541+02:00  INFO 6976 --- [BankManApp] [restartedMain] org.hibernate.orm.core                   : HHH000489: No JTA platform available (set 'hibernate.transaction.jta.platform' to enable JTA platform integration)
2026-04-28T12:10:28.645+02:00  INFO 6976 --- [BankManApp] [restartedMain] j.LocalContainerEntityManagerFactoryBean : Initialized JPA EntityManagerFactory for persistence unit 'default'
2026-04-28T12:10:28.745+02:00  INFO 6976 --- [BankManApp] [restartedMain] o.s.d.j.r.query.QueryEnhancerFactories   : Hibernate is in classpath; If applicable, HQL parser will be used.
2026-04-28T12:10:28.999+02:00  WARN 6976 --- [BankManApp] [restartedMain] JpaBaseConfiguration$JpaWebConfiguration : spring.jpa.open-in-view is enabled by default. Therefore, database queries may be performed during view rendering. Explicitly configure spring.jpa.open-in-view to disable this warning
2026-04-28T12:10:29.372+02:00  INFO 6976 --- [BankManApp] [restartedMain] o.s.b.h.a.H2ConsoleAutoConfiguration     : H2 console available at '/h2-console'. Database available at 'jdbc:h2:mem:testdb'
2026-04-28T12:10:29.514+02:00  INFO 6976 --- [BankManApp] [restartedMain] o.s.boot.tomcat.TomcatWebServer          : Tomcat started on port 8080 (http) with context path '/'
2026-04-28T12:10:29.523+02:00  INFO 6976 --- [BankManApp] [restartedMain] o.s.s.config.TaskSchedulerRouter         : No TaskScheduler/ScheduledExecutorService bean found for scheduled processing
2026-04-28T12:10:29.529+02:00  INFO 6976 --- [BankManApp] [restartedMain] c.e.bankmanapp.BankManAppApplication     : Started BankManAppApplication in 5.369 seconds (process running for 6.279)
2026-04-28T12:10:44.374+02:00  INFO 6976 --- [BankManApp] [http-nio-8080-exec-2] o.a.c.c.C.[Tomcat].[localhost].[/]       : Initializing Spring DispatcherServlet 'dispatcherServlet'
2026-04-28T12:10:44.375+02:00  INFO 6976 --- [BankManApp] [http-nio-8080-exec-2] o.s.web.servlet.DispatcherServlet        : Initializing Servlet 'dispatcherServlet'
2026-04-28T12:10:44.376+02:00  INFO 6976 --- [BankManApp] [http-nio-8080-exec-2] o.s.web.servlet.DispatcherServlet        : Completed initialization in 1 ms
2026-04-28T12:10:46.507+02:00  INFO 6976 --- [BankManApp] [http-nio-8080-exec-3] c.e.bankmanapp.Service.ContoService      : Conto salvato con ID 1
2026-04-28T12:10:48.542+02:00  INFO 6976 --- [BankManApp] [http-nio-8080-exec-4] c.e.bankmanapp.Service.CartaService      : Carta salvata con ID 1
2026-04-28T12:10:51.048+02:00  INFO 6976 --- [BankManApp] [http-nio-8080-exec-5] c.e.b.Controller.MovimentiController     : Richiesta creazione nuovo movimento
2026-04-28T12:10:51.051+02:00  INFO 6976 --- [BankManApp] [http-nio-8080-exec-5] c.e.bankmanapp.Service.MovimentiService  : Movimento salvato con ID 1
2026-04-28T12:10:51.051+02:00  INFO 6976 --- [BankManApp] [http-nio-8080-exec-5] c.e.b.Controller.MovimentiController     : Movimento registrato con successo - ID: 1
2026-04-28T12:10:58.868+02:00  WARN 6976 --- [BankManApp] [http-nio-8080-exec-6] c.e.bankmanapp.Service.CartaService      : Impossibile eliminare carta 1: movimenti associati presenti
2026-04-28T12:11:08.458+02:00  WARN 6976 --- [BankManApp] [http-nio-8080-exec-7] c.e.bankmanapp.Service.UserService       : Impossibile eliminare utente 1: movimenti associati presenti
2026-04-28T12:11:34.904+02:00  INFO 6976 --- [BankManApp] [http-nio-8080-exec-9] c.e.bankmanapp.Service.MovimentiService  : Movimento 1 eliminato correttamente
2026-04-28T12:11:41.209+02:00  INFO 6976 --- [BankManApp] [http-nio-8080-exec-10] c.e.bankmanapp.Service.UserService       : Utente 1 eliminato correttamente
2026-04-28T12:27:46.277+02:00  INFO 6976 --- [BankManApp] [SpringApplicationShutdownHook] o.s.boot.tomcat.GracefulShutdown         : Commencing graceful shutdown. Waiting for active requests to complete
2026-04-28T12:27:46.289+02:00  INFO 6976 --- [BankManApp] [tomcat-shutdown] o.s.boot.tomcat.GracefulShutdown         : Graceful shutdown complete
2026-04-28T12:27:46.315+02:00  INFO 6976 --- [BankManApp] [SpringApplicationShutdownHook] .s.m.e.c.DefaultEventPublicationRegistry : No publications outstanding!
2026-04-28T12:27:46.316+02:00  INFO 6976 --- [BankManApp] [SpringApplicationShutdownHook] j.LocalContainerEntityManagerFactoryBean : Closing JPA EntityManagerFactory for persistence unit 'default'
2026-04-28T12:27:46.324+02:00  WARN 6976 --- [BankManApp] [SpringApplicationShutdownHook] o.s.b.f.support.DisposableBeanAdapter    : Invocation of destroy method failed on bean with name 'inMemoryDatabaseShutdownExecutor': org.h2.jdbc.JdbcSQLNonTransientConnectionException: Database is already closed (to disable automatic closing at VM shutdown, add ";DB_CLOSE_ON_EXIT=FALSE" to the db URL) [90121-240]
2026-04-28T12:27:46.324+02:00  INFO 6976 --- [BankManApp] [SpringApplicationShutdownHook] com.zaxxer.hikari.HikariDataSource       : HikariPool-1 - Shutdown initiated...
2026-04-28T12:27:46.326+02:00  INFO 6976 --- [BankManApp] [SpringApplicationShutdownHook] com.zaxxer.hikari.HikariDataSource       : HikariPool-1 - Shutdown completed.
2026-04-28T12:27:52.081+02:00  INFO 5888 --- [BankManApp] [restartedMain] c.e.bankmanapp.BankManAppApplication     : Starting BankManAppApplication using Java 25.0.2 with PID 5888 (C:\Users\ptricari\IdeaProjects\BankManApp\target\classes started by ptricari in C:\Users\ptricari\IdeaProjects\BankManApp)
2026-04-28T12:27:52.084+02:00  INFO 5888 --- [BankManApp] [restartedMain] c.e.bankmanapp.BankManAppApplication     : No active profile set, falling back to 1 default profile: "default"
2026-04-28T12:27:52.148+02:00  INFO 5888 --- [BankManApp] [restartedMain] .e.DevToolsPropertyDefaultsPostProcessor : Devtools property defaults active! Set 'spring.devtools.add-properties' to 'false' to disable
2026-04-28T12:27:52.149+02:00  INFO 5888 --- [BankManApp] [restartedMain] .e.DevToolsPropertyDefaultsPostProcessor : For additional web related logging consider setting the 'logging.level.web' property to 'DEBUG'
2026-04-28T12:27:52.868+02:00  INFO 5888 --- [BankManApp] [restartedMain] .s.d.r.c.RepositoryConfigurationDelegate : Bootstrapping Spring Data JPA repositories in DEFAULT mode.
2026-04-28T12:27:52.951+02:00  INFO 5888 --- [BankManApp] [restartedMain] .s.d.r.c.RepositoryConfigurationDelegate : Finished Spring Data repository scanning in 70 ms. Found 4 JPA repository interfaces.
2026-04-28T12:27:53.550+02:00  INFO 5888 --- [BankManApp] [restartedMain] o.s.boot.tomcat.TomcatWebServer          : Tomcat initialized with port 8080 (http)
2026-04-28T12:27:53.564+02:00  INFO 5888 --- [BankManApp] [restartedMain] o.apache.catalina.core.StandardService   : Starting service [Tomcat]
2026-04-28T12:27:53.564+02:00  INFO 5888 --- [BankManApp] [restartedMain] o.apache.catalina.core.StandardEngine    : Starting Servlet engine: [Apache Tomcat/11.0.20]
2026-04-28T12:27:53.618+02:00  INFO 5888 --- [BankManApp] [restartedMain] b.w.c.s.WebApplicationContextInitializer : Root WebApplicationContext: initialization completed in 1469 ms
2026-04-28T12:27:53.805+02:00  INFO 5888 --- [BankManApp] [restartedMain] org.hibernate.orm.jpa                    : HHH008540: Processing PersistenceUnitInfo [name: default]
2026-04-28T12:27:53.860+02:00  INFO 5888 --- [BankManApp] [restartedMain] org.hibernate.orm.core                   : HHH000001: Hibernate ORM core version 7.2.7.Final
2026-04-28T12:27:54.345+02:00  INFO 5888 --- [BankManApp] [restartedMain] o.s.o.j.p.SpringPersistenceUnitInfo      : No LoadTimeWeaver setup: ignoring JPA class transformer
2026-04-28T12:27:54.374+02:00  INFO 5888 --- [BankManApp] [restartedMain] com.zaxxer.hikari.HikariDataSource       : HikariPool-1 - Starting...
2026-04-28T12:27:54.546+02:00  INFO 5888 --- [BankManApp] [restartedMain] com.zaxxer.hikari.pool.HikariPool        : HikariPool-1 - Added connection conn0: url=jdbc:h2:mem:testdb user=SA
2026-04-28T12:27:54.548+02:00  INFO 5888 --- [BankManApp] [restartedMain] com.zaxxer.hikari.HikariDataSource       : HikariPool-1 - Start completed.
2026-04-28T12:27:54.571+02:00  WARN 5888 --- [BankManApp] [restartedMain] org.hibernate.orm.deprecation            : HHH90000025: H2Dialect does not need to be specified explicitly using 'hibernate.dialect' (remove the property setting and it will be selected by default)
2026-04-28T12:27:54.601+02:00  INFO 5888 --- [BankManApp] [restartedMain] org.hibernate.orm.connections.pooling    : HHH10001005: Database info:
	Database JDBC URL [jdbc:h2:mem:testdb]
	Database driver: H2 JDBC Driver
	Database dialect: H2Dialect
	Database version: 2.4.240
	Default catalog/schema: TESTDB/PUBLIC
	Autocommit mode: undefined/unknown
	Isolation level: READ_COMMITTED [default READ_COMMITTED]
	JDBC fetch size: 100
	Pool: DataSourceConnectionProvider
	Minimum pool size: undefined/unknown
	Maximum pool size: undefined/unknown
2026-04-28T12:27:55.800+02:00  INFO 5888 --- [BankManApp] [restartedMain] org.hibernate.orm.core                   : HHH000489: No JTA platform available (set 'hibernate.transaction.jta.platform' to enable JTA platform integration)
2026-04-28T12:27:55.893+02:00  INFO 5888 --- [BankManApp] [restartedMain] j.LocalContainerEntityManagerFactoryBean : Initialized JPA EntityManagerFactory for persistence unit 'default'
2026-04-28T12:27:55.979+02:00  INFO 5888 --- [BankManApp] [restartedMain] o.s.d.j.r.query.QueryEnhancerFactories   : Hibernate is in classpath; If applicable, HQL parser will be used.
2026-04-28T12:27:56.224+02:00  WARN 5888 --- [BankManApp] [restartedMain] JpaBaseConfiguration$JpaWebConfiguration : spring.jpa.open-in-view is enabled by default. Therefore, database queries may be performed during view rendering. Explicitly configure spring.jpa.open-in-view to disable this warning
2026-04-28T12:27:56.561+02:00  INFO 5888 --- [BankManApp] [restartedMain] o.s.b.h.a.H2ConsoleAutoConfiguration     : H2 console available at '/h2-console'. Database available at 'jdbc:h2:mem:testdb'
2026-04-28T12:27:56.679+02:00  INFO 5888 --- [BankManApp] [restartedMain] o.s.boot.tomcat.TomcatWebServer          : Tomcat started on port 8080 (http) with context path '/'
2026-04-28T12:27:56.687+02:00  INFO 5888 --- [BankManApp] [restartedMain] o.s.s.config.TaskSchedulerRouter         : No TaskScheduler/ScheduledExecutorService bean found for scheduled processing
2026-04-28T12:27:56.693+02:00  INFO 5888 --- [BankManApp] [restartedMain] c.e.bankmanapp.BankManAppApplication     : Started BankManAppApplication in 5.123 seconds (process running for 5.939)
2026-04-28T12:28:17.926+02:00  INFO 5888 --- [BankManApp] [http-nio-8080-exec-2] o.a.c.c.C.[Tomcat].[localhost].[/]       : Initializing Spring DispatcherServlet 'dispatcherServlet'
2026-04-28T12:28:17.926+02:00  INFO 5888 --- [BankManApp] [http-nio-8080-exec-2] o.s.web.servlet.DispatcherServlet        : Initializing Servlet 'dispatcherServlet'
2026-04-28T12:28:17.929+02:00  INFO 5888 --- [BankManApp] [http-nio-8080-exec-2] o.s.web.servlet.DispatcherServlet        : Completed initialization in 3 ms
2026-04-28T12:28:20.561+02:00  INFO 5888 --- [BankManApp] [http-nio-8080-exec-3] c.e.bankmanapp.Service.ContoService      : Conto salvato con ID 1
2026-04-28T12:28:22.291+02:00  INFO 5888 --- [BankManApp] [http-nio-8080-exec-4] c.e.bankmanapp.Service.CartaService      : Carta salvata con ID 1
2026-04-28T12:28:24.137+02:00  INFO 5888 --- [BankManApp] [http-nio-8080-exec-5] c.e.b.Controller.MovimentiController     : Richiesta creazione nuovo movimento
2026-04-28T12:28:24.141+02:00  INFO 5888 --- [BankManApp] [http-nio-8080-exec-5] c.e.bankmanapp.Service.MovimentiService  : Movimento salvato con ID 1
2026-04-28T12:28:24.141+02:00  INFO 5888 --- [BankManApp] [http-nio-8080-exec-5] c.e.b.Controller.MovimentiController     : Movimento registrato con successo - ID: 1
2026-04-28T12:29:17.130+02:00  WARN 5888 --- [BankManApp] [http-nio-8080-exec-6] org.hibernate.orm.jdbc.error             : HHH000247: ErrorCode: 23505, SQLState: 23505
2026-04-28T12:29:17.130+02:00  WARN 5888 --- [BankManApp] [http-nio-8080-exec-6] org.hibernate.orm.jdbc.error             : Unique index or primary key violation: "PUBLIC.UK6FVMJHIEXHUITBW0ILTHLI7IK INDEX PUBLIC.UK6FVMJHIEXHUITBW0ILTHLI7IK_INDEX_3 ON PUBLIC.CONTI(ID_UTENTE NULLS FIRST) VALUES ( /* 1 */ 1 )"; SQL statement:
insert into conti (iban,id_utente,saldo,id) values (?,?,?,default) [23505-240]
2026-04-28T12:29:17.151+02:00 ERROR 5888 --- [BankManApp] [http-nio-8080-exec-6] o.a.c.c.C.[.[.[/].[dispatcherServlet]    : Servlet.service() for servlet [dispatcherServlet] in context with path [] threw exception [Request processing failed: org.springframework.dao.DataIntegrityViolationException: could not execute statement [Unique index or primary key violation: "PUBLIC.UK6FVMJHIEXHUITBW0ILTHLI7IK INDEX PUBLIC.UK6FVMJHIEXHUITBW0ILTHLI7IK_INDEX_3 ON PUBLIC.CONTI(ID_UTENTE NULLS FIRST) VALUES ( /* 1 */ 1 )"; SQL statement:
insert into conti (iban,id_utente,saldo,id) values (?,?,?,default) [23505-240]] [insert into conti (iban,id_utente,saldo,id) values (?,?,?,default)]; SQL [insert into conti (iban,id_utente,saldo,id) values (?,?,?,default)]; constraint [PUBLIC.UK6FVMJHIEXHUITBW0ILTHLI7IK INDEX PUBLIC.UK6FVMJHIEXHUITBW0ILTHLI7IK_INDEX_3]] with root cause

org.h2.jdbc.JdbcSQLIntegrityConstraintViolationException: Unique index or primary key violation: "PUBLIC.UK6FVMJHIEXHUITBW0ILTHLI7IK INDEX PUBLIC.UK6FVMJHIEXHUITBW0ILTHLI7IK_INDEX_3 ON PUBLIC.CONTI(ID_UTENTE NULLS FIRST) VALUES ( /* 1 */ 1 )"; SQL statement:
insert into conti (iban,id_utente,saldo,id) values (?,?,?,default) [23505-240]
	at org.h2.message.DbException.getJdbcSQLException(DbException.java:520) ~[h2-2.4.240.jar:2.4.240]
	at org.h2.message.DbException.getJdbcSQLException(DbException.java:489) ~[h2-2.4.240.jar:2.4.240]
	at org.h2.message.DbException.get(DbException.java:223) ~[h2-2.4.240.jar:2.4.240]
	at org.h2.message.DbException.get(DbException.java:199) ~[h2-2.4.240.jar:2.4.240]
	at org.h2.index.Index.getDuplicateKeyException(Index.java:535) ~[h2-2.4.240.jar:2.4.240]
	at org.h2.mvstore.db.MVSecondaryIndex.checkUnique(MVSecondaryIndex.java:223) ~[h2-2.4.240.jar:2.4.240]
	at org.h2.mvstore.db.MVSecondaryIndex.add(MVSecondaryIndex.java:184) ~[h2-2.4.240.jar:2.4.240]
	at org.h2.mvstore.db.MVTable.addRow(MVTable.java:520) ~[h2-2.4.240.jar:2.4.240]
	at org.h2.command.dml.Insert.insertRows(Insert.java:174) ~[h2-2.4.240.jar:2.4.240]
	at org.h2.command.dml.Insert.update(Insert.java:135) ~[h2-2.4.240.jar:2.4.240]
	at org.h2.command.CommandContainer.executeUpdateWithGeneratedKeys(CommandContainer.java:212) ~[h2-2.4.240.jar:2.4.240]
	at org.h2.command.CommandContainer.update(CommandContainer.java:133) ~[h2-2.4.240.jar:2.4.240]
	at org.h2.command.Command.executeUpdate(Command.java:306) ~[h2-2.4.240.jar:2.4.240]
	at org.h2.command.Command.executeUpdate(Command.java:250) ~[h2-2.4.240.jar:2.4.240]
	at org.h2.jdbc.JdbcPreparedStatement.executeUpdateInternal(JdbcPreparedStatement.java:213) ~[h2-2.4.240.jar:2.4.240]
	at org.h2.jdbc.JdbcPreparedStatement.executeUpdate(JdbcPreparedStatement.java:172) ~[h2-2.4.240.jar:2.4.240]
	at com.zaxxer.hikari.pool.ProxyPreparedStatement.executeUpdate(ProxyPreparedStatement.java:61) ~[HikariCP-7.0.2.jar:na]
	at com.zaxxer.hikari.pool.HikariProxyPreparedStatement.executeUpdate(HikariProxyPreparedStatement.java) ~[HikariCP-7.0.2.jar:na]
	at org.hibernate.engine.jdbc.internal.ResultSetReturnImpl.executeUpdate(ResultSetReturnImpl.java:181) ~[hibernate-core-7.2.7.Final.jar:7.2.7.Final]
	at org.hibernate.id.insert.GetGeneratedKeysDelegate.performMutation(GetGeneratedKeysDelegate.java:103) ~[hibernate-core-7.2.7.Final.jar:7.2.7.Final]
	at org.hibernate.engine.jdbc.mutation.internal.MutationExecutorSingleNonBatched.performNonBatchedOperations(MutationExecutorSingleNonBatched.java:45) ~[hibernate-core-7.2.7.Final.jar:7.2.7.Final]
	at org.hibernate.engine.jdbc.mutation.internal.AbstractMutationExecutor.execute(AbstractMutationExecutor.java:66) ~[hibernate-core-7.2.7.Final.jar:7.2.7.Final]
	at org.hibernate.engine.jdbc.mutation.internal.AbstractMutationExecutor.execute(AbstractMutationExecutor.java:55) ~[hibernate-core-7.2.7.Final.jar:7.2.7.Final]
	at org.hibernate.persister.entity.mutation.InsertCoordinatorStandard.doStaticInserts(InsertCoordinatorStandard.java:180) ~[hibernate-core-7.2.7.Final.jar:7.2.7.Final]
	at org.hibernate.persister.entity.mutation.InsertCoordinatorStandard.coordinateInsert(InsertCoordinatorStandard.java:120) ~[hibernate-core-7.2.7.Final.jar:7.2.7.Final]
	at org.hibernate.persister.entity.mutation.InsertCoordinatorStandard.insert(InsertCoordinatorStandard.java:84) ~[hibernate-core-7.2.7.Final.jar:7.2.7.Final]
	at org.hibernate.action.internal.EntityIdentityInsertAction.execute(EntityIdentityInsertAction.java:85) ~[hibernate-core-7.2.7.Final.jar:7.2.7.Final]
	at org.hibernate.engine.spi.ActionQueue.execute(ActionQueue.java:667) ~[hibernate-core-7.2.7.Final.jar:7.2.7.Final]
	at org.hibernate.engine.spi.ActionQueue.addResolvedEntityInsertAction(ActionQueue.java:291) ~[hibernate-core-7.2.7.Final.jar:7.2.7.Final]
	at org.hibernate.engine.spi.ActionQueue.addInsertAction(ActionQueue.java:270) ~[hibernate-core-7.2.7.Final.jar:7.2.7.Final]
	at org.hibernate.engine.spi.ActionQueue.addAction(ActionQueue.java:322) ~[hibernate-core-7.2.7.Final.jar:7.2.7.Final]
	at org.hibernate.event.internal.AbstractSaveEventListener.addInsertAction(AbstractSaveEventListener.java:371) ~[hibernate-core-7.2.7.Final.jar:7.2.7.Final]
	at org.hibernate.event.internal.AbstractSaveEventListener.performSaveOrReplicate(AbstractSaveEventListener.java:285) ~[hibernate-core-7.2.7.Final.jar:7.2.7.Final]
	at org.hibernate.event.internal.AbstractSaveEventListener.performSave(AbstractSaveEventListener.java:215) ~[hibernate-core-7.2.7.Final.jar:7.2.7.Final]
	at org.hibernate.event.internal.AbstractSaveEventListener.saveWithGeneratedId(AbstractSaveEventListener.java:133) ~[hibernate-core-7.2.7.Final.jar:7.2.7.Final]
	at org.hibernate.event.internal.DefaultPersistEventListener.entityIsTransient(DefaultPersistEventListener.java:144) ~[hibernate-core-7.2.7.Final.jar:7.2.7.Final]
	at org.hibernate.event.internal.DefaultPersistEventListener.persist(DefaultPersistEventListener.java:90) ~[hibernate-core-7.2.7.Final.jar:7.2.7.Final]
	at org.hibernate.event.internal.DefaultPersistEventListener.onPersist(DefaultPersistEventListener.java:74) ~[hibernate-core-7.2.7.Final.jar:7.2.7.Final]
	at org.hibernate.event.internal.DefaultPersistEventListener.onPersist(DefaultPersistEventListener.java:50) ~[hibernate-core-7.2.7.Final.jar:7.2.7.Final]
	at org.hibernate.event.service.internal.EventListenerGroupImpl.fireEventOnEachListener(EventListenerGroupImpl.java:138) ~[hibernate-core-7.2.7.Final.jar:7.2.7.Final]
	at org.hibernate.internal.SessionImpl.firePersist(SessionImpl.java:692) ~[hibernate-core-7.2.7.Final.jar:7.2.7.Final]
	at org.hibernate.internal.SessionImpl.persist(SessionImpl.java:675) ~[hibernate-core-7.2.7.Final.jar:7.2.7.Final]
	at java.base/jdk.internal.reflect.DirectMethodHandleAccessor.invoke(DirectMethodHandleAccessor.java:104) ~[na:na]
	at java.base/java.lang.reflect.Method.invoke(Method.java:565) ~[na:na]
	at org.springframework.orm.jpa.ExtendedEntityManagerCreator$ExtendedEntityManagerInvocationHandler.invoke(ExtendedEntityManagerCreator.java:362) ~[spring-orm-7.0.6.jar:7.0.6]
	at jdk.proxy4/jdk.proxy4.$Proxy139.persist(Unknown Source) ~[na:na]
	at java.base/jdk.internal.reflect.DirectMethodHandleAccessor.invoke(DirectMethodHandleAccessor.java:104) ~[na:na]
	at java.base/java.lang.reflect.Method.invoke(Method.java:565) ~[na:na]
	at org.springframework.orm.jpa.SharedEntityManagerCreator$SharedEntityHandlerInvocationHandler.invokeMethod(SharedEntityManagerCreator.java:240) ~[spring-orm-7.0.6.jar:7.0.6]
	at org.springframework.orm.jpa.SharedEntityManagerCreator$SharedEntityManagerInvocationHandler.invoke(SharedEntityManagerCreator.java:386) ~[spring-orm-7.0.6.jar:7.0.6]
	at jdk.proxy4/jdk.proxy4.$Proxy139.persist(Unknown Source) ~[na:na]
	at org.springframework.data.jpa.repository.support.SimpleJpaRepository.save(SimpleJpaRepository.java:664) ~[spring-data-jpa-4.0.4.jar:4.0.4]
	at java.base/jdk.internal.reflect.DirectMethodHandleAccessor.invoke(DirectMethodHandleAccessor.java:104) ~[na:na]
	at java.base/java.lang.reflect.Method.invoke(Method.java:565) ~[na:na]
	at org.springframework.aop.support.AopUtils.invokeJoinpointUsingReflection(AopUtils.java:359) ~[spring-aop-7.0.6.jar:7.0.6]
	at org.springframework.data.repository.core.support.RepositoryMethodInvoker$RepositoryFragmentMethodInvoker.lambda$new$0(RepositoryMethodInvoker.java:278) ~[spring-data-commons-4.0.4.jar:4.0.4]
	at org.springframework.data.repository.core.support.RepositoryMethodInvoker.doInvoke(RepositoryMethodInvoker.java:169) ~[spring-data-commons-4.0.4.jar:4.0.4]
	at org.springframework.data.repository.core.support.RepositoryMethodInvoker.invoke(RepositoryMethodInvoker.java:158) ~[spring-data-commons-4.0.4.jar:4.0.4]
	at org.springframework.data.repository.core.support.RepositoryComposition$RepositoryFragments.invoke(RepositoryComposition.java:545) ~[spring-data-commons-4.0.4.jar:4.0.4]
	at org.springframework.data.repository.core.support.RepositoryComposition.invoke(RepositoryComposition.java:290) ~[spring-data-commons-4.0.4.jar:4.0.4]
	at org.springframework.data.repository.core.support.RepositoryFactorySupport$ImplementationMethodExecutionInterceptor.invoke(RepositoryFactorySupport.java:690) ~[spring-data-commons-4.0.4.jar:4.0.4]
	at org.springframework.aop.framework.ReflectiveMethodInvocation.proceed(ReflectiveMethodInvocation.java:179) ~[spring-aop-7.0.6.jar:7.0.6]
	at org.springframework.data.repository.core.support.QueryExecutorMethodInterceptor.doInvoke(QueryExecutorMethodInterceptor.java:171) ~[spring-data-commons-4.0.4.jar:4.0.4]
	at org.springframework.data.repository.core.support.QueryExecutorMethodInterceptor.invoke(QueryExecutorMethodInterceptor.java:146) ~[spring-data-commons-4.0.4.jar:4.0.4]
	at org.springframework.aop.framework.ReflectiveMethodInvocation.proceed(ReflectiveMethodInvocation.java:179) ~[spring-aop-7.0.6.jar:7.0.6]
	at org.springframework.data.projection.DefaultMethodInvokingMethodInterceptor.invoke(DefaultMethodInvokingMethodInterceptor.java:69) ~[spring-data-commons-4.0.4.jar:4.0.4]
	at org.springframework.aop.framework.ReflectiveMethodInvocation.proceed(ReflectiveMethodInvocation.java:179) ~[spring-aop-7.0.6.jar:7.0.6]
	at org.springframework.transaction.interceptor.TransactionInterceptor$1.proceedWithInvocation(TransactionInterceptor.java:133) ~[spring-tx-7.0.6.jar:7.0.6]
	at org.springframework.transaction.interceptor.TransactionAspectSupport.invokeWithinTransaction(TransactionAspectSupport.java:371) ~[spring-tx-7.0.6.jar:7.0.6]
	at org.springframework.transaction.interceptor.TransactionInterceptor.invoke(TransactionInterceptor.java:130) ~[spring-tx-7.0.6.jar:7.0.6]
	at org.springframework.aop.framework.ReflectiveMethodInvocation.proceed(ReflectiveMethodInvocation.java:179) ~[spring-aop-7.0.6.jar:7.0.6]
	at org.springframework.dao.support.PersistenceExceptionTranslationInterceptor.invoke(PersistenceExceptionTranslationInterceptor.java:135) ~[spring-tx-7.0.6.jar:7.0.6]
	at org.springframework.aop.framework.ReflectiveMethodInvocation.proceed(ReflectiveMethodInvocation.java:179) ~[spring-aop-7.0.6.jar:7.0.6]
	at org.springframework.data.jpa.repository.support.CrudMethodMetadataPostProcessor$CrudMethodMetadataPopulatingMethodInterceptor.invoke(CrudMethodMetadataPostProcessor.java:166) ~[spring-data-jpa-4.0.4.jar:4.0.4]
	at org.springframework.aop.framework.ReflectiveMethodInvocation.proceed(ReflectiveMethodInvocation.java:179) ~[spring-aop-7.0.6.jar:7.0.6]
	at org.springframework.aop.framework.JdkDynamicAopProxy.invoke(JdkDynamicAopProxy.java:222) ~[spring-aop-7.0.6.jar:7.0.6]
	at jdk.proxy4/jdk.proxy4.$Proxy150.save(Unknown Source) ~[na:na]
	at com.example.bankmanapp.Service.ContoService.creaConto(ContoService.java:26) ~[classes/:na]
	at java.base/jdk.internal.reflect.DirectMethodHandleAccessor.invoke(DirectMethodHandleAccessor.java:104) ~[na:na]
	at java.base/java.lang.reflect.Method.invoke(Method.java:565) ~[na:na]
	at org.springframework.aop.support.AopUtils.invokeJoinpointUsingReflection(AopUtils.java:359) ~[spring-aop-7.0.6.jar:7.0.6]
	at org.springframework.aop.framework.CglibAopProxy$DynamicAdvisedInterceptor.intercept(CglibAopProxy.java:715) ~[spring-aop-7.0.6.jar:7.0.6]
	at com.example.bankmanapp.Service.ContoService$$SpringCGLIB$$0.creaConto(<generated>) ~[classes/:na]
	at com.example.bankmanapp.Controller.ContoController.createConto(ContoController.java:26) ~[classes/:na]
	at java.base/jdk.internal.reflect.DirectMethodHandleAccessor.invoke(DirectMethodHandleAccessor.java:104) ~[na:na]
	at java.base/java.lang.reflect.Method.invoke(Method.java:565) ~[na:na]
	at org.springframework.web.method.support.InvocableHandlerMethod.doInvoke(InvocableHandlerMethod.java:252) ~[spring-web-7.0.6.jar:7.0.6]
	at org.springframework.web.method.support.InvocableHandlerMethod.invokeForRequest(InvocableHandlerMethod.java:184) ~[spring-web-7.0.6.jar:7.0.6]
	at org.springframework.web.servlet.mvc.method.annotation.ServletInvocableHandlerMethod.invokeAndHandle(ServletInvocableHandlerMethod.java:117) ~[spring-webmvc-7.0.6.jar:7.0.6]
	at org.springframework.web.servlet.mvc.method.annotation.RequestMappingHandlerAdapter.invokeHandlerMethod(RequestMappingHandlerAdapter.java:934) ~[spring-webmvc-7.0.6.jar:7.0.6]
	at org.springframework.web.servlet.mvc.method.annotation.RequestMappingHandlerAdapter.handleInternal(RequestMappingHandlerAdapter.java:853) ~[spring-webmvc-7.0.6.jar:7.0.6]
	at org.springframework.web.servlet.mvc.method.AbstractHandlerMethodAdapter.handle(AbstractHandlerMethodAdapter.java:86) ~[spring-webmvc-7.0.6.jar:7.0.6]
	at org.springframework.web.servlet.DispatcherServlet.doDispatch(DispatcherServlet.java:963) ~[spring-webmvc-7.0.6.jar:7.0.6]
	at org.springframework.web.servlet.DispatcherServlet.doService(DispatcherServlet.java:866) ~[spring-webmvc-7.0.6.jar:7.0.6]
	at org.springframework.web.servlet.FrameworkServlet.processRequest(FrameworkServlet.java:1000) ~[spring-webmvc-7.0.6.jar:7.0.6]
	at org.springframework.web.servlet.FrameworkServlet.doPost(FrameworkServlet.java:903) ~[spring-webmvc-7.0.6.jar:7.0.6]
	at jakarta.servlet.http.HttpServlet.service(HttpServlet.java:653) ~[jakarta.servlet-api-6.1.0.jar:6.1.0]
	at org.springframework.web.servlet.FrameworkServlet.service(FrameworkServlet.java:874) ~[spring-webmvc-7.0.6.jar:7.0.6]
	at jakarta.servlet.http.HttpServlet.service(HttpServlet.java:723) ~[jakarta.servlet-api-6.1.0.jar:6.1.0]
	at org.apache.catalina.core.ApplicationFilterChain.doFilter(ApplicationFilterChain.java:128) ~[tomcat-embed-core-11.0.20.jar:11.0.20]
	at org.apache.tomcat.websocket.server.WsFilter.doFilter(WsFilter.java:53) ~[tomcat-embed-websocket-11.0.20.jar:11.0.20]
	at org.apache.catalina.core.ApplicationFilterChain.doFilter(ApplicationFilterChain.java:107) ~[tomcat-embed-core-11.0.20.jar:11.0.20]
	at org.springframework.web.filter.RequestContextFilter.doFilterInternal(RequestContextFilter.java:100) ~[spring-web-7.0.6.jar:7.0.6]
	at org.springframework.web.filter.OncePerRequestFilter.doFilter(OncePerRequestFilter.java:116) ~[spring-web-7.0.6.jar:7.0.6]
	at org.apache.catalina.core.ApplicationFilterChain.doFilter(ApplicationFilterChain.java:107) ~[tomcat-embed-core-11.0.20.jar:11.0.20]
	at org.springframework.web.filter.FormContentFilter.doFilterInternal(FormContentFilter.java:93) ~[spring-web-7.0.6.jar:7.0.6]
	at org.springframework.web.filter.OncePerRequestFilter.doFilter(OncePerRequestFilter.java:116) ~[spring-web-7.0.6.jar:7.0.6]
	at org.apache.catalina.core.ApplicationFilterChain.doFilter(ApplicationFilterChain.java:107) ~[tomcat-embed-core-11.0.20.jar:11.0.20]
	at org.springframework.web.filter.CharacterEncodingFilter.doFilterInternal(CharacterEncodingFilter.java:199) ~[spring-web-7.0.6.jar:7.0.6]
	at org.springframework.web.filter.OncePerRequestFilter.doFilter(OncePerRequestFilter.java:116) ~[spring-web-7.0.6.jar:7.0.6]
	at org.apache.catalina.core.ApplicationFilterChain.doFilter(ApplicationFilterChain.java:107) ~[tomcat-embed-core-11.0.20.jar:11.0.20]
	at org.apache.catalina.core.StandardWrapperValve.invoke(StandardWrapperValve.java:165) ~[tomcat-embed-core-11.0.20.jar:11.0.20]
	at org.apache.catalina.core.StandardContextValve.invoke(StandardContextValve.java:77) ~[tomcat-embed-core-11.0.20.jar:11.0.20]
	at org.apache.catalina.authenticator.AuthenticatorBase.invoke(AuthenticatorBase.java:492) ~[tomcat-embed-core-11.0.20.jar:11.0.20]
	at org.apache.catalina.core.StandardHostValve.invoke(StandardHostValve.java:113) ~[tomcat-embed-core-11.0.20.jar:11.0.20]
	at org.apache.catalina.valves.ErrorReportValve.invoke(ErrorReportValve.java:83) ~[tomcat-embed-core-11.0.20.jar:11.0.20]
	at org.apache.catalina.core.StandardEngineValve.invoke(StandardEngineValve.java:72) ~[tomcat-embed-core-11.0.20.jar:11.0.20]
	at org.apache.catalina.connector.CoyoteAdapter.service(CoyoteAdapter.java:341) ~[tomcat-embed-core-11.0.20.jar:11.0.20]
	at org.apache.coyote.http11.Http11Processor.service(Http11Processor.java:397) ~[tomcat-embed-core-11.0.20.jar:11.0.20]
	at org.apache.coyote.AbstractProcessorLight.process(AbstractProcessorLight.java:63) ~[tomcat-embed-core-11.0.20.jar:11.0.20]
	at org.apache.coyote.AbstractProtocol$ConnectionHandler.process(AbstractProtocol.java:903) ~[tomcat-embed-core-11.0.20.jar:11.0.20]
	at org.apache.tomcat.util.net.NioEndpoint$SocketProcessor.doRun(NioEndpoint.java:1779) ~[tomcat-embed-core-11.0.20.jar:11.0.20]
	at org.apache.tomcat.util.net.SocketProcessorBase.run(SocketProcessorBase.java:52) ~[tomcat-embed-core-11.0.20.jar:11.0.20]
	at org.apache.tomcat.util.threads.ThreadPoolExecutor.runWorker(ThreadPoolExecutor.java:946) ~[tomcat-embed-core-11.0.20.jar:11.0.20]
	at org.apache.tomcat.util.threads.ThreadPoolExecutor$Worker.run(ThreadPoolExecutor.java:480) ~[tomcat-embed-core-11.0.20.jar:11.0.20]
	at org.apache.tomcat.util.threads.TaskThread$WrappingRunnable.run(TaskThread.java:57) ~[tomcat-embed-core-11.0.20.jar:11.0.20]
	at java.base/java.lang.Thread.run(Thread.java:1474) ~[na:na]

